Component: ARM Compiler 5.06 update 7 (build 960) Tool: armlink [4d3601]

==============================================================================

Section Cross References

    startup_stm32f103xe.o(RESET) refers to startup_stm32f103xe.o(STACK) for __initial_sp
    startup_stm32f103xe.o(RESET) refers to startup_stm32f103xe.o(.text) for Reset_Handler
    startup_stm32f103xe.o(RESET) refers to stm32f1xx_it.o(i.NMI_Handler) for NMI_Handler
    startup_stm32f103xe.o(RESET) refers to stm32f1xx_it.o(i.HardFault_Handler) for HardFault_Handler
    startup_stm32f103xe.o(RESET) refers to stm32f1xx_it.o(i.MemManage_Handler) for MemManage_Handler
    startup_stm32f103xe.o(RESET) refers to stm32f1xx_it.o(i.BusFault_Handler) for BusFault_Handler
    startup_stm32f103xe.o(RESET) refers to stm32f1xx_it.o(i.UsageFault_Handler) for UsageFault_Handler
    startup_stm32f103xe.o(RESET) refers to port.o(.emb_text) for SVC_Handler
    startup_stm32f103xe.o(RESET) refers to stm32f1xx_it.o(i.DebugMon_Handler) for DebugMon_Handler
    startup_stm32f103xe.o(RESET) refers to cmsis_os2.o(i.SysTick_Handler) for SysTick_Handler
    startup_stm32f103xe.o(RESET) refers to stm32f1xx_it.o(i.DMA1_Channel4_IRQHandler) for DMA1_Channel4_IRQHandler
    startup_stm32f103xe.o(RESET) refers to stm32f1xx_it.o(i.DMA1_Channel5_IRQHandler) for DMA1_Channel5_IRQHandler
    startup_stm32f103xe.o(RESET) refers to stm32f1xx_it.o(i.DMA1_Channel6_IRQHandler) for DMA1_Channel6_IRQHandler
    startup_stm32f103xe.o(RESET) refers to stm32f1xx_it.o(i.USART1_IRQHandler) for USART1_IRQHandler
    startup_stm32f103xe.o(RESET) refers to stm32f1xx_it.o(i.USART2_IRQHandler) for USART2_IRQHandler
    startup_stm32f103xe.o(RESET) refers to stm32f1xx_it.o(i.USART3_IRQHandler) for USART3_IRQHandler
    startup_stm32f103xe.o(RESET) refers to stm32f1xx_it.o(i.UART4_IRQHandler) for UART4_IRQHandler
    startup_stm32f103xe.o(RESET) refers to stm32f1xx_it.o(i.UART5_IRQHandler) for UART5_IRQHandler
    startup_stm32f103xe.o(RESET) refers to stm32f1xx_it.o(i.TIM6_IRQHandler) for TIM6_IRQHandler
    startup_stm32f103xe.o(.text) refers to system_stm32f1xx.o(i.SystemInit) for SystemInit
    startup_stm32f103xe.o(.text) refers to entry.o(.ARM.Collect$$$$00000000) for __main
    main.o(i.HAL_TIM_PeriodElapsedCallback) refers to stm32f1xx_hal.o(i.HAL_IncTick) for HAL_IncTick
    main.o(i.SystemClock_Config) refers to memseta.o(.text) for __aeabi_memclr4
    main.o(i.SystemClock_Config) refers to stm32f1xx_hal_rcc.o(i.HAL_RCC_OscConfig) for HAL_RCC_OscConfig
    main.o(i.SystemClock_Config) refers to stm32f1xx_hal_rcc.o(i.HAL_RCC_ClockConfig) for HAL_RCC_ClockConfig
    main.o(i.SystemClock_Config) refers to stm32f1xx_hal_rcc_ex.o(i.HAL_RCCEx_PeriphCLKConfig) for HAL_RCCEx_PeriphCLKConfig
    main.o(i.fputc) refers to stm32f1xx_hal_uart.o(i.HAL_UART_Transmit) for HAL_UART_Transmit
    main.o(i.fputc) refers to usart.o(.bss) for huart1
    main.o(i.main) refers to main.o(i.Pre_Init_Delay) for Pre_Init_Delay
    main.o(i.main) refers to stm32f1xx_hal.o(i.HAL_Init) for HAL_Init
    main.o(i.main) refers to main.o(i.SystemClock_Config) for SystemClock_Config
    main.o(i.main) refers to gpio.o(i.MX_GPIO_Init) for MX_GPIO_Init
    main.o(i.main) refers to dma.o(i.MX_DMA_Init) for MX_DMA_Init
    main.o(i.main) refers to adc.o(i.MX_ADC2_Init) for MX_ADC2_Init
    main.o(i.main) refers to i2c.o(i.MX_I2C1_Init) for MX_I2C1_Init
    main.o(i.main) refers to usart.o(i.MX_UART5_Init) for MX_UART5_Init
    main.o(i.main) refers to usart.o(i.MX_USART1_UART_Init) for MX_USART1_UART_Init
    main.o(i.main) refers to usart.o(i.MX_UART4_Init) for MX_UART4_Init
    main.o(i.main) refers to usart.o(i.MX_USART2_UART_Init) for MX_USART2_UART_Init
    main.o(i.main) refers to usart.o(i.MX_USART3_UART_Init) for MX_USART3_UART_Init
    main.o(i.main) refers to bsp_stepper.o(i.BSP_Stepper_Init) for BSP_Stepper_Init
    main.o(i.main) refers to printfa.o(i.__0printf) for __2printf
    main.o(i.main) refers to bsp_mq2.o(i.BSP_MQ2_Init) for BSP_MQ2_Init
    main.o(i.main) refers to bsp_sgp30.o(i.BSP_SGP30_Init) for BSP_SGP30_Init
    main.o(i.main) refers to cmsis_os2.o(i.osKernelInitialize) for osKernelInitialize
    main.o(i.main) refers to freertos.o(i.MX_FREERTOS_Init) for MX_FREERTOS_Init
    main.o(i.main) refers to cmsis_os2.o(i.osKernelStart) for osKernelStart
    gpio.o(i.MX_GPIO_Init) refers to stm32f1xx_hal_gpio.o(i.HAL_GPIO_WritePin) for HAL_GPIO_WritePin
    gpio.o(i.MX_GPIO_Init) refers to stm32f1xx_hal_gpio.o(i.HAL_GPIO_Init) for HAL_GPIO_Init
    freertos.o(i.MX_FREERTOS_Init) refers to cmsis_os2.o(i.osMutexNew) for osMutexNew
    freertos.o(i.MX_FREERTOS_Init) refers to cmsis_os2.o(i.osThreadNew) for osThreadNew
    freertos.o(i.MX_FREERTOS_Init) refers to freertos.o(.constdata) for .constdata
    freertos.o(i.MX_FREERTOS_Init) refers to freertos.o(.data) for .data
    freertos.o(i.MX_FREERTOS_Init) refers to freertos.o(i.StartDefaultTask) for StartDefaultTask
[...]
    _printf_llo                              0x00000000   Number         0  stubs.o ABSOLUTE
    _printf_llu                              0x00000000   Number         0  stubs.o ABSOLUTE
    _printf_llx                              0x00000000   Number         0  stubs.o ABSOLUTE
    _printf_longlong_dec                     0x00000000   Number         0  stubs.o ABSOLUTE
    _printf_longlong_hex                     0x00000000   Number         0  stubs.o ABSOLUTE
    _printf_longlong_oct                     0x00000000   Number         0  stubs.o ABSOLUTE
    _printf_ls                               0x00000000   Number         0  stubs.o ABSOLUTE
    _printf_mbtowc                           0x00000000   Number         0  stubs.o ABSOLUTE
    _printf_n                                0x00000000   Number         0  stubs.o ABSOLUTE
    _printf_o                                0x00000000   Number         0  stubs.o ABSOLUTE
    _printf_p                                0x00000000   Number         0  stubs.o ABSOLUTE
    _printf_percent                          0x00000000   Number         0  stubs.o ABSOLUTE
    _printf_pre_padding                      0x00000000   Number         0  stubs.o ABSOLUTE
    _printf_return_value                     0x00000000   Number         0  stubs.o ABSOLUTE
    _printf_s                                0x00000000   Number         0  stubs.o ABSOLUTE
    _printf_sizespec                         0x00000000   Number         0  stubs.o ABSOLUTE
    _printf_str                              0x00000000   Number         0  stubs.o ABSOLUTE
    _printf_truncate_signed                  0x00000000   Number         0  stubs.o ABSOLUTE
    _printf_truncate_unsigned                0x00000000   Number         0  stubs.o ABSOLUTE
    _printf_u                                0x00000000   Number         0  stubs.o ABSOLUTE
    _printf_wc                               0x00000000   Number         0  stubs.o ABSOLUTE
    _printf_wctomb                           0x00000000   Number         0  stubs.o ABSOLUTE
    _printf_widthprec                        0x00000000   Number         0  stubs.o ABSOLUTE
    _printf_x                                0x00000000   Number         0  stubs.o ABSOLUTE
    __arm_fini_                               - Undefined Weak Reference
    __cpp_initialize__aeabi_                  - Undefined Weak Reference
    __cxa_finalize                            - Undefined Weak Reference
    __decompress                              - Undefined Weak Reference
    _clock_init                               - Undefined Weak Reference
    _microlib_exit                            - Undefined Weak Reference
    __Vectors_Size                           0x00000130   Number         0  startup_stm32f103xe.o ABSOLUTE
    __Vectors                                0x08000000   Data           4  startup_stm32f103xe.o(RESET)
    __Vectors_End                            0x08000130   Data           0  startup_stm32f103xe.o(RESET)
    __main                                   0x08000131   Thumb Code     0  entry.o(.ARM.Collect$$$$00000000)
    _main_stk                                0x08000131   Thumb Code     0  entry2.o(.ARM.Collect$$$$00000001)
    _main_scatterload                        0x08000135   Thumb Code     0  entry5.o(.ARM.Collect$$$$00000004)
    __main_after_scatterload                 0x08000139   Thumb Code     0  entry5.o(.ARM.Collect$$$$00000004)
    _main_clock                              0x08000139   Thumb Code     0  entry7b.o(.ARM.Collect$$$$00000008)
    _main_cpp_init                           0x08000139   Thumb Code     0  entry8b.o(.ARM.Collect$$$$0000000A)
    _main_init                               0x08000139   Thumb Code     0  entry9a.o(.ARM.Collect$$$$0000000B)
    __rt_lib_shutdown_fini                   0x08000141   Thumb Code     0  entry12b.o(.ARM.Collect$$$$0000000E)
    __rt_final_cpp                           0x08000145   Thumb Code     0  entry10a.o(.ARM.Collect$$$$0000000F)
    __rt_final_exit                          0x08000145   Thumb Code     0  entry11a.o(.ARM.Collect$$$$00000011)
    SVC_Handler                              0x08000149   Thumb Code    32  port.o(.emb_text)
    __asm___6_port_c_39a90d8d__prvStartFirstTask 0x0800016d   Thumb Code    28  port.o(.emb_text)
    PendSV_Handler                           0x0800018d   Thumb Code    72  port.o(.emb_text)
    vPortGetIPSR                             0x080001d9   Thumb Code     6  port.o(.emb_text)
    Reset_Handler                            0x080001e1   Thumb Code     8  startup_stm32f103xe.o(.text)
    ADC1_2_IRQHandler                        0x080001fb   Thumb Code     0  startup_stm32f103xe.o(.text)
    ADC3_IRQHandler                          0x080001fb   Thumb Code     0  startup_stm32f103xe.o(.text)
    CAN1_RX1_IRQHandler                      0x080001fb   Thumb Code     0  startup_stm32f103xe.o(.text)
    CAN1_SCE_IRQHandler                      0x080001fb   Thumb Code     0  startup_stm32f103xe.o(.text)
    DMA1_Channel1_IRQHandler                 0x080001fb   Thumb Code     0  startup_stm32f103xe.o(.text)
    DMA1_Channel2_IRQHandler                 0x080001fb   Thumb Code     0  startup_stm32f103xe.o(.text)
    DMA1_Channel3_IRQHandler                 0x080001fb   Thumb Code     0  startup_stm32f103xe.o(.text)
    DMA1_Channel7_IRQHandler                 0x080001fb   Thumb Code     0  startup_stm32f103xe.o(.text)
    DMA2_Channel1_IRQHandler                 0x080001fb   Thumb Code     0  startup_stm32f103xe.o(.text)
    DMA2_Channel2_IRQHandler                 0x080001fb   Thumb Code     0  startup_stm32f103xe.o(.text)
    DMA2_Channel3_IRQHandler                 0x080001fb   Thumb Code     0  startup_stm32f103xe.o(.text)
    DMA2_Channel4_5_IRQHandler               0x080001fb   Thumb Code     0  startup_stm32f103xe.o(.text)
    EXTI0_IRQHandler                         0x080001fb   Thumb Code     0  startup_stm32f103xe.o(.text)
    EXTI15_10_IRQHandler                     0x080001fb   Thumb Code     0  startup_stm32f103xe.o(.text)
    EXTI1_IRQHandler                         0x080001fb   Thumb Code     0  startup_stm32f103xe.o(.text)
    EXTI2_IRQHandler                         0x080001fb   Thumb Code     0  startup_stm32f103xe.o(.text)
    EXTI3_IRQHandler                         0x080001fb   Thumb Code     0  startup_stm32f103xe.o(.text)
    EXTI4_IRQHandler                         0x080001fb   Thumb Code     0  startup_stm32f103xe.o(.text)
    EXTI9_5_IRQHandler                       0x080001fb   Thumb Code     0  startup_stm32f103xe.o(.text)
    FLASH_IRQHandler                         0x080001fb   Thumb Code     0  startup_stm32f103xe.o(.text)
    FSMC_IRQHandler                          0x080001fb   Thumb Code     0  startup_stm32f103xe.o(.text)
    I2C1_ER_IRQHandler                       0x080001fb   Thumb Code     0  startup_stm32f103xe.o(.text)
    I2C1_EV_IRQHandler                       0x080001fb   Thumb Code     0  startup_stm32f103xe.o(.text)
    I2C2_ER_IRQHandler                       0x080001fb   Thumb Code     0  startup_stm32f103xe.o(.text)
    I2C2_EV_IRQHandler                       0x080001fb   Thumb Code     0  startup_stm32f103xe.o(.text)
    PVD_IRQHandler                           0x080001fb   Thumb Code     0  startup_stm32f103xe.o(.text)
    RCC_IRQHandler                           0x080001fb   Thumb Code     0  startup_stm32f103xe.o(.text)
    RTC_Alarm_IRQHandler                     0x080001fb   Thumb Code     0  startup_stm32f103xe.o(.text)
    RTC_IRQHandler                           0x080001fb   Thumb Code     0  startup_stm32f103xe.o(.text)
    SDIO_IRQHandler                          0x080001fb   Thumb Code     0  startup_stm32f103xe.o(.text)
    SPI1_IRQHandler                          0x080001fb   Thumb Code     0  startup_stm32f103xe.o(.text)
    SPI2_IRQHandler                          0x080001fb   Thumb Code     0  startup_stm32f103xe.o(.text)
    SPI3_IRQHandler                          0x080001fb   Thumb Code     0  startup_stm32f103xe.o(.text)
    TAMPER_IRQHandler                        0x080001fb   Thumb Code     0  startup_stm32f103xe.o(.text)
    TIM1_BRK_IRQHandler                      0x080001fb   Thumb Code     0  startup_stm32f103xe.o(.text)
    TIM1_CC_IRQHandler                       0x080001fb   Thumb Code     0  startup_stm32f103xe.o(.text)
    TIM1_TRG_COM_IRQHandler                  0x080001fb   Thumb Code     0  startup_stm32f103xe.o(.text)
    TIM1_UP_IRQHandler                       0x080001fb   Thumb Code     0  startup_stm32f103xe.o(.text)
    TIM2_IRQHandler                          0x080001fb   Thumb Code     0  startup_stm32f103xe.o(.text)
    TIM3_IRQHandler                          0x080001fb   Thumb Code     0  startup_stm32f103xe.o(.text)
    TIM4_IRQHandler                          0x080001fb   Thumb Code     0  startup_stm32f103xe.o(.text)
    TIM5_IRQHandler                          0x080001fb   Thumb Code     0  startup_stm32f103xe.o(.text)
    TIM7_IRQHandler                          0x080001fb   Thumb Code     0  startup_stm32f103xe.o(.text)
    TIM8_BRK_IRQHandler                      0x080001fb   Thumb Code     0  startup_stm32f103xe.o(.text)
    TIM8_CC_IRQHandler                       0x080001fb   Thumb Code     0  startup_stm32f103xe.o(.text)
    TIM8_TRG_COM_IRQHandler                  0x080001fb   Thumb Code     0  startup_stm32f103xe.o(.text)
    TIM8_UP_IRQHandler                       0x080001fb   Thumb Code     0  startup_stm32f103xe.o(.text)
    USBWakeUp_IRQHandler                     0x080001fb   Thumb Code     0  startup_stm32f103xe.o(.text)
    USB_HP_CAN1_TX_IRQHandler                0x080001fb   Thumb Code     0  startup_stm32f103xe.o(.text)
    USB_LP_CAN1_RX0_IRQHandler               0x080001fb   Thumb Code     0  startup_stm32f103xe.o(.text)
    WWDG_IRQHandler                          0x080001fb   Thumb Code     0  startup_stm32f103xe.o(.text)
    __aeabi_llsr                             0x08000205   Thumb Code    32  llushr.o(.text)
    _ll_ushift_r                             0x08000205   Thumb Code     0  llushr.o(.text)
    __aeabi_memcpy                           0x08000225   Thumb Code    36  memcpya.o(.text)
    __aeabi_memcpy4                          0x08000225   Thumb Code     0  memcpya.o(.text)
    __aeabi_memcpy8                          0x08000225   Thumb Code     0  memcpya.o(.text)
    __aeabi_memset                           0x08000249   Thumb Code    14  memseta.o(.text)
    __aeabi_memset4                          0x08000249   Thumb Code     0  memseta.o(.text)
    __aeabi_memset8                          0x08000249   Thumb Code     0  memseta.o(.text)
    __aeabi_memclr                           0x08000257   Thumb Code     4  memseta.o(.text)
    __aeabi_memclr4                          0x08000257   Thumb Code     0  memseta.o(.text)
    __aeabi_memclr8                          0x08000257   Thumb Code     0  memseta.o(.text)
    memset                                   0x0800025b   Thumb Code    18  memseta.o(.text)
    __aeabi_fadd                             0x0800026d   Thumb Code   164  fadd.o(.text)
    __aeabi_fsub                             0x08000311   Thumb Code     6  fadd.o(.text)
    __aeabi_frsub                            0x08000317   Thumb Code     6  fadd.o(.text)
    __aeabi_fmul                             0x0800031d   Thumb Code   100  fmul.o(.text)
    __aeabi_fdiv                             0x08000381   Thumb Code   124  fdiv.o(.text)
    __ARM_scalbnf                            0x080003fd   Thumb Code    24  fscalb.o(.text)
    scalbnf                                  0x080003fd   Thumb Code     0  fscalb.o(.text)
    __aeabi_i2f                              0x08000415   Thumb Code    18  fflti.o(.text)
    __aeabi_ui2f                             0x08000427   Thumb Code    10  ffltui.o(.text)
    __aeabi_f2iz                             0x08000431   Thumb Code    50  ffixi.o(.text)
    __aeabi_f2uiz                            0x08000463   Thumb Code    40  ffixui.o(.text)
    __aeabi_f2d                              0x0800048b   Thumb Code    38  f2d.o(.text)
    __aeabi_uidiv                            0x080004b1   Thumb Code     0  uidiv.o(.text)
    __aeabi_uidivmod                         0x080004b1   Thumb Code    44  uidiv.o(.text)
    __aeabi_uldivmod                         0x080004dd   Thumb Code    98  uldiv.o(.text)
    __I$use$fp                               0x0800053f   Thumb Code     0  iusefp.o(.text)
    _float_round                             0x0800053f   Thumb Code    18  fepilogue.o(.text)
    _float_epilogue                          0x08000551   Thumb Code    92  fepilogue.o(.text)
    _fsqrt                                   0x080005ad   Thumb Code    94  fsqrt.o(.text)
    __aeabi_dadd                             0x0800060b   Thumb Code   322  dadd.o(.text)
    __aeabi_dsub                             0x0800074d   Thumb Code     6  dadd.o(.text)
    __aeabi_drsub                            0x08000753   Thumb Code     6  dadd.o(.text)
    __aeabi_dmul                             0x08000759   Thumb Code   228  dmul.o(.text)
    __aeabi_ddiv                             0x0800083d   Thumb Code   222  ddiv.o(.text)
    __aeabi_d2ulz                            0x0800091b   Thumb Code    48  dfixul.o(.text)
    __aeabi_cdrcmple                         0x0800094d   Thumb Code    48  cdrcmple.o(.text)
    __scatterload                            0x0800097d   Thumb Code    28  init.o(.text)
    __scatterload_rt2                        0x0800097d   Thumb Code     0  init.o(.text)
    __aeabi_llsl                             0x080009a1   Thumb Code    30  llshl.o(.text)
    _ll_shift_l                              0x080009a1   Thumb Code     0  llshl.o(.text)
    __aeabi_lasr                             0x080009bf   Thumb Code    36  llsshr.o(.text)
    _ll_sshift_r                             0x080009bf   Thumb Code     0  llsshr.o(.text)
    _double_round                            0x080009e3   Thumb Code    30  depilogue.o(.text)
    _double_epilogue                         0x08000a01   Thumb Code   156  depilogue.o(.text)
    ADC_ConversionStop_Disable               0x08000a9d   Thumb Code    86  stm32f1xx_hal_adc.o(i.ADC_ConversionStop_Disable)
    ADC_Enable                               0x08000af5   Thumb Code   114  stm32f1xx_hal_adc.o(i.ADC_Enable)
    ASR_ProcessCommand                       0x08000b71   Thumb Code   116  asr_uart3.o(i.ASR_ProcessCommand)
    ASR_ProcessRxData                        0x08000bed   Thumb Code    46  asr_uart3.o(i.ASR_ProcessRxData)
    ASR_UART3_IRQHandler_Callback            0x08000c25   Thumb Code    60  asr_uart3.o(i.ASR_UART3_IRQHandler_Callback)
    ASR_UART3_InitReceive                    0x08000c6d   Thumb Code    34  asr_uart3.o(i.ASR_UART3_InitReceive)
    App_Hardware_UpdateAllToBus              0x08000c9d   Thumb Code   264  app_hardware.o(i.App_Hardware_UpdateAllToBus)
    App_UART_Init                            0x08000dbd   Thumb Code    36  app_uart.o(i.App_UART_Init)
    BSP_MQ2_GetSmokePPM                      0x08000ded   Thumb Code    22  bsp_mq2.o(i.BSP_MQ2_GetSmokePPM)
    BSP_MQ2_Init                             0x08000e09   Thumb Code    56  bsp_mq2.o(i.BSP_MQ2_Init)
    BSP_MQ2_Update                           0x08000e71   Thumb Code   226  bsp_mq2.o(i.BSP_MQ2_Update)
    BSP_SGP30_Init                           0x08000fd9   Thumb Code    32  bsp_sgp30.o(i.BSP_SGP30_Init)
    BSP_SGP30_Measure                        0x08000ffd   Thumb Code   120  bsp_sgp30.o(i.BSP_SGP30_Measure)
    BSP_SHT20_GetData                        0x08001079   Thumb Code    94  bsp_sht20.o(i.BSP_SHT20_GetData)
    BSP_SHT20_Read                           0x080010ed   Thumb Code    54  bsp_sht20.o(i.BSP_SHT20_Read)
    BSP_Stepper_GetWindowPosition            0x08001129   Thumb Code     6  bsp_stepper.o(i.BSP_Stepper_GetWindowPosition)
    BSP_Stepper_Init                         0x08001135   Thumb Code    26  bsp_stepper.o(i.BSP_Stepper_Init)
    BSP_Stepper_SetWindowPosition            0x08001159   Thumb Code   134  bsp_stepper.o(i.BSP_Stepper_SetWindowPosition)
    BusFault_Handler                         0x080011e9   Thumb Code     2  stm32f1xx_it.o(i.BusFault_Handler)
    Cabin_Emergency_Process                  0x080011ed   Thumb Code   208  app_tasks.o(i.Cabin_Emergency_Process)
    Calculate_CRC16                          0x080012c9   Thumb Code    46  protocol.o(i.Calculate_CRC16)
    DMA1_Channel4_IRQHandler                 0x080012f9   Thumb Code     6  stm32f1xx_it.o(i.DMA1_Channel4_IRQHandler)
    DMA1_Channel5_IRQHandler                 0x08001305   Thumb Code     6  stm32f1xx_it.o(i.DMA1_Channel5_IRQHandler)
    DMA1_Channel6_IRQHandler                 0x08001311   Thumb Code     6  stm32f1xx_it.o(i.DMA1_Channel6_IRQHandler)
    DebugMon_Handler                         0x08001347   Thumb Code     2  stm32f1xx_it.o(i.DebugMon_Handler)
    Error_Handler                            0x08001349   Thumb Code     4  main.o(i.Error_Handler)
    HAL_ADC_ConfigChannel                    0x0800134d   Thumb Code   240  stm32f1xx_hal_adc.o(i.HAL_ADC_ConfigChannel)
    HAL_ADC_GetValue                         0x08001449   Thumb Code     6  stm32f1xx_hal_adc.o(i.HAL_ADC_GetValue)
    HAL_ADC_Init                             0x08001451   Thumb Code   272  stm32f1xx_hal_adc.o(i.HAL_ADC_Init)
    HAL_ADC_MspInit                          0x08001571   Thumb Code    76  adc.o(i.HAL_ADC_MspInit)
    HAL_ADC_PollForConversion                0x080015c9   Thumb Code   304  stm32f1xx_hal_adc.o(i.HAL_ADC_PollForConversion)
    HAL_ADC_Start                            0x08001705   Thumb Code   184  stm32f1xx_hal_adc.o(i.HAL_ADC_Start)
    HAL_ADC_Stop                             0x080017c5   Thumb Code    52  stm32f1xx_hal_adc.o(i.HAL_ADC_Stop)
    HAL_DMA_Abort                            0x080017f9   Thumb Code    70  stm32f1xx_hal_dma.o(i.HAL_DMA_Abort)
    HAL_DMA_Abort_IT                         0x08001841   Thumb Code   296  stm32f1xx_hal_dma.o(i.HAL_DMA_Abort_IT)
    HAL_DMA_IRQHandler                       0x08001971   Thumb Code   552  stm32f1xx_hal_dma.o(i.HAL_DMA_IRQHandler)
    HAL_DMA_Init                             0x08001bb9   Thumb Code   112  stm32f1xx_hal_dma.o(i.HAL_DMA_Init)
    HAL_DMA_Start_IT                         0x08001c35   Thumb Code   112  stm32f1xx_hal_dma.o(i.HAL_DMA_Start_IT)
    HAL_Delay                                0x08001ca5   Thumb Code    32  stm32f1xx_hal.o(i.HAL_Delay)
    HAL_GPIO_Init                            0x08001cc9   Thumb Code   462  stm32f1xx_hal_gpio.o(i.HAL_GPIO_Init)
    HAL_GPIO_ReadPin                         0x08001ec1   Thumb Code    10  stm32f1xx_hal_gpio.o(i.HAL_GPIO_ReadPin)
    HAL_GPIO_WritePin                        0x08001ecb   Thumb Code    10  stm32f1xx_hal_gpio.o(i.HAL_GPIO_WritePin)
    HAL_GetTick                              0x08001ed5   Thumb Code     6  stm32f1xx_hal.o(i.HAL_GetTick)
    HAL_I2C_Init                             0x08001ee1   Thumb Code   376  stm32f1xx_hal_i2c.o(i.HAL_I2C_Init)
    HAL_I2C_Master_Receive                   0x08002069   Thumb Code   576  stm32f1xx_hal_i2c.o(i.HAL_I2C_Master_Receive)
    HAL_I2C_Master_Transmit                  0x080022b9   Thumb Code   290  stm32f1xx_hal_i2c.o(i.HAL_I2C_Master_Transmit)
    HAL_I2C_MspInit                          0x080023e5   Thumb Code    80  i2c.o(i.HAL_I2C_MspInit)
    HAL_IncTick                              0x08002441   Thumb Code    12  stm32f1xx_hal.o(i.HAL_IncTick)
    HAL_Init                                 0x08002451   Thumb Code    32  stm32f1xx_hal.o(i.HAL_Init)
    HAL_InitTick                             0x08002475   Thumb Code   132  stm32f1xx_hal_timebase_tim.o(i.HAL_InitTick)
    HAL_MspInit                              0x0800250d   Thumb Code    62  stm32f1xx_hal_msp.o(i.HAL_MspInit)
    HAL_NVIC_EnableIRQ                       0x08002555   Thumb Code    26  stm32f1xx_hal_cortex.o(i.HAL_NVIC_EnableIRQ)
    HAL_NVIC_SetPriority                     0x08002571   Thumb Code    60  stm32f1xx_hal_cortex.o(i.HAL_NVIC_SetPriority)
    HAL_NVIC_SetPriorityGrouping             0x080025b1   Thumb Code    26  stm32f1xx_hal_cortex.o(i.HAL_NVIC_SetPriorityGrouping)
    HAL_RCCEx_GetPeriphCLKFreq               0x080025d5   Thumb Code   166  stm32f1xx_hal_rcc_ex.o(i.HAL_RCCEx_GetPeriphCLKFreq)
    HAL_RCCEx_PeriphCLKConfig                0x0800268d   Thumb Code   224  stm32f1xx_hal_rcc_ex.o(i.HAL_RCCEx_PeriphCLKConfig)
    HAL_RCC_ClockConfig                      0x08002779   Thumb Code   280  stm32f1xx_hal_rcc.o(i.HAL_RCC_ClockConfig)
    HAL_RCC_GetClockConfig                   0x080028a5   Thumb Code    54  stm32f1xx_hal_rcc.o(i.HAL_RCC_GetClockConfig)
    HAL_RCC_GetPCLK1Freq                     0x080028e5   Thumb Code    20  stm32f1xx_hal_rcc.o(i.HAL_RCC_GetPCLK1Freq)
    HAL_RCC_GetPCLK2Freq                     0x08002905   Thumb Code    20  stm32f1xx_hal_rcc.o(i.HAL_RCC_GetPCLK2Freq)
    HAL_RCC_GetSysClockFreq                  0x08002925   Thumb Code    58  stm32f1xx_hal_rcc.o(i.HAL_RCC_GetSysClockFreq)
    HAL_RCC_OscConfig                        0x08002971   Thumb Code   778  stm32f1xx_hal_rcc.o(i.HAL_RCC_OscConfig)
    HAL_TIMEx_BreakCallback                  0x08002c91   Thumb Code     2  stm32f1xx_hal_tim_ex.o(i.HAL_TIMEx_BreakCallback)
    HAL_TIMEx_CommutCallback                 0x08002c93   Thumb Code     2  stm32f1xx_hal_tim_ex.o(i.HAL_TIMEx_CommutCallback)
    HAL_TIM_Base_Init                        0x08002c95   Thumb Code    90  stm32f1xx_hal_tim.o(i.HAL_TIM_Base_Init)
    HAL_TIM_Base_MspInit                     0x08002cef   Thumb Code     2  stm32f1xx_hal_tim.o(i.HAL_TIM_Base_MspInit)
    HAL_TIM_Base_Start_IT                    0x08002cf1   Thumb Code    88  stm32f1xx_hal_tim.o(i.HAL_TIM_Base_Start_IT)
    HAL_TIM_IC_CaptureCallback               0x08002d5d   Thumb Code     2  stm32f1xx_hal_tim.o(i.HAL_TIM_IC_CaptureCallback)
    HAL_TIM_IRQHandler                       0x08002d5f   Thumb Code   304  stm32f1xx_hal_tim.o(i.HAL_TIM_IRQHandler)
    HAL_TIM_OC_DelayElapsedCallback          0x08002e8f   Thumb Code     2  stm32f1xx_hal_tim.o(i.HAL_TIM_OC_DelayElapsedCallback)
    HAL_TIM_PWM_PulseFinishedCallback        0x08002e91   Thumb Code     2  stm32f1xx_hal_tim.o(i.HAL_TIM_PWM_PulseFinishedCallback)
    HAL_TIM_PeriodElapsedCallback            0x08002e95   Thumb Code    14  main.o(i.HAL_TIM_PeriodElapsedCallback)
    HAL_TIM_TriggerCallback                  0x08002ea9   Thumb Code     2  stm32f1xx_hal_tim.o(i.HAL_TIM_TriggerCallback)
    HAL_UARTEx_ReceiveToIdle_DMA             0x08002eab   Thumb Code    74  stm32f1xx_hal_uart.o(i.HAL_UARTEx_ReceiveToIdle_DMA)
    HAL_UARTEx_RxEventCallback               0x08002ef5   Thumb Code    94  app_uart.o(i.HAL_UARTEx_RxEventCallback)
    HAL_UART_ErrorCallback                   0x08002f7d   Thumb Code     2  stm32f1xx_hal_uart.o(i.HAL_UART_ErrorCallback)
    HAL_UART_IRQHandler                      0x08002f81   Thumb Code   616  stm32f1xx_hal_uart.o(i.HAL_UART_IRQHandler)
    HAL_UART_Init                            0x080031ed   Thumb Code   100  stm32f1xx_hal_uart.o(i.HAL_UART_Init)
    HAL_UART_MspInit                         0x08003251   Thumb Code   618  usart.o(i.HAL_UART_MspInit)
    HAL_UART_Receive_IT                      0x080034ed   Thumb Code    28  stm32f1xx_hal_uart.o(i.HAL_UART_Receive_IT)
    HAL_UART_RxCpltCallback                  0x08003509   Thumb Code    36  app_uart.o(i.HAL_UART_RxCpltCallback)
    HAL_UART_RxHalfCpltCallback              0x08003535   Thumb Code     2  stm32f1xx_hal_uart.o(i.HAL_UART_RxHalfCpltCallback)
    HAL_UART_Transmit                        0x08003537   Thumb Code   160  stm32f1xx_hal_uart.o(i.HAL_UART_Transmit)
    HAL_UART_Transmit_DMA                    0x080035d9   Thumb Code   106  stm32f1xx_hal_uart.o(i.HAL_UART_Transmit_DMA)
    HAL_UART_TxCpltCallback                  0x08003651   Thumb Code     2  stm32f1xx_hal_uart.o(i.HAL_UART_TxCpltCallback)
    HAL_UART_TxHalfCpltCallback              0x08003653   Thumb Code     2  stm32f1xx_hal_uart.o(i.HAL_UART_TxHalfCpltCallback)
    HardFault_Handler                        0x08003655   Thumb Code     2  stm32f1xx_it.o(i.HardFault_Handler)
    MX_ADC2_Init                             0x08003b39   Thumb Code    70  adc.o(i.MX_ADC2_Init)
    MX_DMA_Init                              0x08003b89   Thumb Code    72  dma.o(i.MX_DMA_Init)
    MX_FREERTOS_Init                         0x08003bd5   Thumb Code   112  freertos.o(i.MX_FREERTOS_Init)
    MX_GPIO_Init                             0x08003c69   Thumb Code   202  gpio.o(i.MX_GPIO_Init)
    MX_I2C1_Init                             0x08003d45   Thumb Code    50  i2c.o(i.MX_I2C1_Init)
    MX_UART4_Init                            0x08003d85   Thumb Code    48  usart.o(i.MX_UART4_Init)
    MX_UART5_Init                            0x08003dbd   Thumb Code    48  usart.o(i.MX_UART5_Init)
    MX_USART1_UART_Init                      0x08003df5   Thumb Code    48  usart.o(i.MX_USART1_UART_Init)
    MX_USART2_UART_Init                      0x08003e2d   Thumb Code    48  usart.o(i.MX_USART2_UART_Init)
    MX_USART3_UART_Init                      0x08003e65   Thumb Code    48  usart.o(i.MX_USART3_UART_Init)
    MemManage_Handler                        0x08003e9d   Thumb Code     2  stm32f1xx_it.o(i.MemManage_Handler)
    NMI_Handler                              0x08003e9f   Thumb Code     2  stm32f1xx_it.o(i.NMI_Handler)
    Pre_Init_Delay                           0x08003ea1   Thumb Code    18  main.o(i.Pre_Init_Delay)
    Radar_GetData                            0x08003eb5   Thumb Code    12  radar.o(i.Radar_GetData)
    Radar_Init                               0x08003ec5   Thumb Code    34  radar.o(i.Radar_Init)
    Radar_UART_RxCallback                    0x08003ef5   Thumb Code    36  radar.o(i.Radar_UART_RxCallback)
    RingBuffer_Read                          0x08003f25   Thumb Code    48  ringbuffer.o(i.RingBuffer_Read)
    RingBuffer_Write                         0x08003f55   Thumb Code    36  ringbuffer.o(i.RingBuffer_Write)
    StartDefaultTask                         0x08003fed   Thumb Code    12  freertos.o(i.StartDefaultTask)
    StartHmiTask                             0x08003ff9   Thumb Code     4  freertos.o(i.StartHmiTask)
    StartParseTask                           0x08003ffd   Thumb Code    18  freertos.o(i.StartParseTask)
    StartRadarTask                           0x0800400f   Thumb Code    14  freertos.o(i.StartRadarTask)
    StartReportTask                          0x0800401d   Thumb Code     4  freertos.o(i.StartReportTask)
    StartSensorTask                          0x08004021   Thumb Code     4  freertos.o(i.StartSensorTask)
    StartVoiceTask                           0x08004025   Thumb Code    16  freertos.o(i.StartVoiceTask)
    SysTick_Handler                          0x08004035   Thumb Code    26  cmsis_os2.o(i.SysTick_Handler)
    SystemClock_Config                       0x0800404f   Thumb Code   122  main.o(i.SystemClock_Config)
    SystemInit                               0x080040c9   Thumb Code     2  system_stm32f1xx.o(i.SystemInit)
    TIM6_IRQHandler                          0x080040cd   Thumb Code     6  stm32f1xx_it.o(i.TIM6_IRQHandler)
    TIM_Base_SetConfig                       0x080040d9   Thumb Code   134  stm32f1xx_hal_tim.o(i.TIM_Base_SetConfig)
    Task_Parse                               0x08004175   Thumb Code   378  app_tasks.o(i.Task_Parse)
    Task_Radar                               0x0800434d   Thumb Code    52  radar.o(i.Task_Radar)
    Task_Report                              0x08004389   Thumb Code   140  app_tasks.o(i.Task_Report)
    Task_Screen                              0x08004421   Thumb Code   402  app_tasks.o(i.Task_Screen)
    Task_Sensor                              0x080046ad   Thumb Code    62  app_tasks.o(i.Task_Sensor)
    UART4_IRQHandler                         0x080046f5   Thumb Code     6  stm32f1xx_it.o(i.UART4_IRQHandler)
    UART5_IRQHandler                         0x08004701   Thumb Code     6  stm32f1xx_it.o(i.UART5_IRQHandler)
    UART_Start_Receive_DMA                   0x08004a3d   Thumb Code   130  stm32f1xx_hal_uart.o(i.UART_Start_Receive_DMA)
    UART_Start_Receive_IT                    0x08004acd   Thumb Code    54  stm32f1xx_hal_uart.o(i.UART_Start_Receive_IT)
    USART1_IRQHandler                        0x08004b75   Thumb Code     6  stm32f1xx_it.o(i.USART1_IRQHandler)
    USART2_IRQHandler                        0x08004b81   Thumb Code     6  stm32f1xx_it.o(i.USART2_IRQHandler)
    USART3_IRQHandler                        0x08004b8d   Thumb Code     6  stm32f1xx_it.o(i.USART3_IRQHandler)
    UsageFault_Handler                       0x08004b99   Thumb Code     2  stm32f1xx_it.o(i.UsageFault_Handler)
    __0printf                                0x08004b9d   Thumb Code    22  printfa.o(i.__0printf)
    __1printf                                0x08004b9d   Thumb Code     0  printfa.o(i.__0printf)
    __2printf                                0x08004b9d   Thumb Code     0  printfa.o(i.__0printf)
    __c89printf                              0x08004b9d   Thumb Code     0  printfa.o(i.__0printf)
    printf                                   0x08004b9d   Thumb Code     0  printfa.o(i.__0printf)
    __0sprintf                               0x08004bbd   Thumb Code    34  printfa.o(i.__0sprintf)
    __1sprintf                               0x08004bbd   Thumb Code     0  printfa.o(i.__0sprintf)
    __2sprintf                               0x08004bbd   Thumb Code     0  printfa.o(i.__0sprintf)
    __c89sprintf                             0x08004bbd   Thumb Code     0  printfa.o(i.__0sprintf)
    sprintf                                  0x08004bbd   Thumb Code     0  printfa.o(i.__0sprintf)
    __scatterload_copy                       0x08004c05   Thumb Code    14  handlers.o(i.__scatterload_copy)
    __scatterload_null                       0x08004c13   Thumb Code     2  handlers.o(i.__scatterload_null)
    __scatterload_zeroinit                   0x08004c15   Thumb Code    14  handlers.o(i.__scatterload_zeroinit)
    __set_errno                              0x08004c25   Thumb Code     6  errno.o(i.__set_errno)
    fputc                                    0x080054c5   Thumb Code    20  main.o(i.fputc)
    main                                     0x080054dd   Thumb Code    82  main.o(i.main)
    osDelay                                  0x08005545   Thumb Code    26  cmsis_os2.o(i.osDelay)
    osDelayUntil                             0x0800555f   Thumb Code    46  cmsis_os2.o(i.osDelayUntil)
    osKernelGetTickCount                     0x0800558d   Thumb Code    14  cmsis_os2.o(i.osKernelGetTickCount)
    osKernelGetTickFreq                      0x0800559b   Thumb Code     6  cmsis_os2.o(i.osKernelGetTickFreq)
    osKernelInitialize                       0x080055a1   Thumb Code    32  cmsis_os2.o(i.osKernelInitialize)
    osKernelStart                            0x080055c5   Thumb Code    48  cmsis_os2.o(i.osKernelStart)
    osMutexAcquire                           0x080055fd   Thumb Code    82  cmsis_os2.o(i.osMutexAcquire)
    osMutexNew                               0x0800564f   Thumb Code   104  cmsis_os2.o(i.osMutexNew)
    osMutexRelease                           0x080056b7   Thumb Code    66  cmsis_os2.o(i.osMutexRelease)
    osSemaphoreAcquire                       0x080056f9   Thumb Code    88  cmsis_os2.o(i.osSemaphoreAcquire)
    osSemaphoreNew                           0x08005755   Thumb Code   152  cmsis_os2.o(i.osSemaphoreNew)
    osSemaphoreRelease                       0x080057ed   Thumb Code    82  cmsis_os2.o(i.osSemaphoreRelease)
    osThreadNew                              0x08005845   Thumb Code   138  cmsis_os2.o(i.osThreadNew)
    pvPortMalloc                             0x080063f1   Thumb Code   216  heap_4.o(i.pvPortMalloc)
    pvTaskIncrementMutexHeldCount            0x080064cd   Thumb Code    18  tasks.o(i.pvTaskIncrementMutexHeldCount)
    pxPortInitialiseStack                    0x080064e5   Thumb Code    32  port.o(i.pxPortInitialiseStack)
    sqrtf                                    0x08006509   Thumb Code    44  sqrtf.o(i.sqrtf)
    tjc_send_txt                             0x08006535   Thumb Code    62  tjc_usart_hmi.o(i.tjc_send_txt)
    tjc_uart_rx_callback                     0x08006579   Thumb Code    34  tjc_usart_hmi.o(i.tjc_uart_rx_callback)
    uart_send_char                           0x080065a9   Thumb Code    34  tjc_usart_hmi.o(i.uart_send_char)
    uart_send_string                         0x080065d1   Thumb Code    24  tjc_usart_hmi.o(i.uart_send_string)
    uxListRemove                             0x080065e9   Thumb Code    38  list.o(i.uxListRemove)
    vApplicationGetIdleTaskMemory            0x08006611   Thumb Code    16  cmsis_os2.o(i.vApplicationGetIdleTaskMemory)
    vApplicationGetTimerTaskMemory           0x08006625   Thumb Code    18  cmsis_os2.o(i.vApplicationGetTimerTaskMemory)
    vListInitialise                          0x0800663d   Thumb Code    22  list.o(i.vListInitialise)
    vListInitialiseItem                      0x08006653   Thumb Code     6  list.o(i.vListInitialiseItem)
    vListInsert                              0x08006659   Thumb Code    48  list.o(i.vListInsert)
    vListInsertEnd                           0x08006689   Thumb Code    24  list.o(i.vListInsertEnd)
    vPortEnterCritical                       0x080066a1   Thumb Code    54  port.o(i.vPortEnterCritical)
    vPortExitCritical                        0x080066e1   Thumb Code    34  port.o(i.vPortExitCritical)
    vPortFree                                0x08006709   Thumb Code    94  heap_4.o(i.vPortFree)
    vPortSetupTimerInterrupt                 0x0800676d   Thumb Code    32  port.o(i.vPortSetupTimerInterrupt)
    vPortValidateInterruptPriority           0x08006791   Thumb Code    74  port.o(i.vPortValidateInterruptPriority)
    vQueueAddToRegistry                      0x080067e5   Thumb Code    34  queue.o(i.vQueueAddToRegistry)
    vQueueDelete                             0x0800680d   Thumb Code    46  queue.o(i.vQueueDelete)
    vQueueUnregisterQueue                    0x0800683d   Thumb Code    36  queue.o(i.vQueueUnregisterQueue)
    vQueueWaitForMessageRestricted           0x08006865   Thumb Code    68  queue.o(i.vQueueWaitForMessageRestricted)
    vTaskDelay                               0x080068a9   Thumb Code    66  tasks.o(i.vTaskDelay)
    vTaskDelayUntil                          0x080068f5   Thumb Code   132  tasks.o(i.vTaskDelayUntil)
    vTaskInternalSetTimeOutState             0x08006981   Thumb Code    12  tasks.o(i.vTaskInternalSetTimeOutState)
    vTaskMissedYield                         0x08006991   Thumb Code     8  tasks.o(i.vTaskMissedYield)
    vTaskPlaceOnEventList                    0x0800699d   Thumb Code    44  tasks.o(i.vTaskPlaceOnEventList)
    vTaskPlaceOnEventListRestricted          0x080069cd   Thumb Code    52  tasks.o(i.vTaskPlaceOnEventListRestricted)
    vTaskPriorityDisinheritAfterTimeout      0x08006a05   Thumb Code   134  tasks.o(i.vTaskPriorityDisinheritAfterTimeout)
    vTaskStartScheduler                      0x08006a95   Thumb Code   118  tasks.o(i.vTaskStartScheduler)
    vTaskSuspendAll                          0x08006b1d   Thumb Code    10  tasks.o(i.vTaskSuspendAll)
    vTaskSwitchContext                       0x08006b2d   Thumb Code    90  tasks.o(i.vTaskSwitchContext)
    write1ByteToRingBuffer                   0x08006b91   Thumb Code    42  tjc_usart_hmi.o(i.write1ByteToRingBuffer)
    xPortStartScheduler                      0x08006bc1   Thumb Code   154  port.o(i.xPortStartScheduler)
    xPortSysTickHandler                      0x08006c69   Thumb Code    38  port.o(i.xPortSysTickHandler)
    xQueueCreateCountingSemaphore            0x08006c95   Thumb Code    58  queue.o(i.xQueueCreateCountingSemaphore)
    xQueueCreateCountingSemaphoreStatic      0x08006ccf   Thumb Code    64  queue.o(i.xQueueCreateCountingSemaphoreStatic)
    xQueueCreateMutex                        0x08006d0f   Thumb Code    22  queue.o(i.xQueueCreateMutex)
    xQueueCreateMutexStatic                  0x08006d25   Thumb Code    26  queue.o(i.xQueueCreateMutexStatic)
    xQueueGenericCreate                      0x08006d3f   Thumb Code    66  queue.o(i.xQueueGenericCreate)
    xQueueGenericCreateStatic                0x08006d81   Thumb Code   102  queue.o(i.xQueueGenericCreateStatic)
    xQueueGenericReset                       0x08006de9   Thumb Code   132  queue.o(i.xQueueGenericReset)
    xQueueGenericSend                        0x08006e71   Thumb Code   346  queue.o(i.xQueueGenericSend)
    xQueueGenericSendFromISR                 0x08006fd1   Thumb Code   190  queue.o(i.xQueueGenericSendFromISR)
    xQueueGiveFromISR                        0x0800708f   Thumb Code   156  queue.o(i.xQueueGiveFromISR)
    xQueueGiveMutexRecursive                 0x0800712b   Thumb Code    62  queue.o(i.xQueueGiveMutexRecursive)
    xQueueReceive                            0x08007169   Thumb Code   308  queue.o(i.xQueueReceive)
    xQueueReceiveFromISR                     0x080072a1   Thumb Code   154  queue.o(i.xQueueReceiveFromISR)
    xQueueSemaphoreTake                      0x0800733d   Thumb Code   372  queue.o(i.xQueueSemaphoreTake)
    xQueueTakeMutexRecursive                 0x080074b5   Thumb Code    64  queue.o(i.xQueueTakeMutexRecursive)
    xStreamBufferGenericCreate               0x080074f5   Thumb Code   108  stream_buffer.o(i.xStreamBufferGenericCreate)
    xStreamBufferReceive                     0x08007561   Thumb Code   212  stream_buffer.o(i.xStreamBufferReceive)
    xStreamBufferSendFromISR                 0x08007635   Thumb Code   142  stream_buffer.o(i.xStreamBufferSendFromISR)
    xStreamBufferSpacesAvailable             0x080076c3   Thumb Code    38  stream_buffer.o(i.xStreamBufferSpacesAvailable)
    xTaskCheckForTimeOut                     0x080076e9   Thumb Code   112  tasks.o(i.xTaskCheckForTimeOut)
    xTaskCreate                              0x0800775d   Thumb Code    90  tasks.o(i.xTaskCreate)
    xTaskCreateStatic                        0x080077b7   Thumb Code    86  tasks.o(i.xTaskCreateStatic)
    xTaskGenericNotify                       0x0800780d   Thumb Code   210  tasks.o(i.xTaskGenericNotify)
    xTaskGenericNotifyFromISR                0x080078ed   Thumb Code   246  tasks.o(i.xTaskGenericNotifyFromISR)
    xTaskGetCurrentTaskHandle                0x080079f1   Thumb Code     6  tasks.o(i.xTaskGetCurrentTaskHandle)
    xTaskGetSchedulerState                   0x080079fd   Thumb Code    22  tasks.o(i.xTaskGetSchedulerState)
    xTaskGetTickCount                        0x08007a19   Thumb Code     6  tasks.o(i.xTaskGetTickCount)
    xTaskGetTickCountFromISR                 0x08007a25   Thumb Code    12  tasks.o(i.xTaskGetTickCountFromISR)
    xTaskIncrementTick                       0x08007a35   Thumb Code   192  tasks.o(i.xTaskIncrementTick)
    xTaskNotifyStateClear                    0x08007afd   Thumb Code    48  tasks.o(i.xTaskNotifyStateClear)
    xTaskNotifyWait                          0x08007b31   Thumb Code   130  tasks.o(i.xTaskNotifyWait)
    xTaskPriorityDisinherit                  0x08007bbd   Thumb Code   118  tasks.o(i.xTaskPriorityDisinherit)
    xTaskPriorityInherit                     0x08007c3d   Thumb Code   112  tasks.o(i.xTaskPriorityInherit)
    xTaskRemoveFromEventList                 0x08007cb5   Thumb Code    98  tasks.o(i.xTaskRemoveFromEventList)
    xTaskResumeAll                           0x08007d25   Thumb Code   182  tasks.o(i.xTaskResumeAll)
    xTimerCreateTimerTask                    0x08007de9   Thumb Code    78  timers.o(i.xTimerCreateTimerTask)
    xTimerGenericCommand                     0x08007e49   Thumb Code    98  timers.o(i.xTimerGenericCommand)
    defaultTask_attributes                   0x08007eb0   Data          36  freertos.o(.constdata)
    RadarTask_attributes                     0x08007ed4   Data          36  freertos.o(.constdata)
    Task_Report_attributes                   0x08007ef8   Data          36  freertos.o(.constdata)
    Task_Parse_attributes                    0x08007f1c   Data          36  freertos.o(.constdata)
    Task_Sensor_attributes                   0x08007f40   Data          36  freertos.o(.constdata)
    TASK_HMI_attributes                      0x08007f64   Data          36  freertos.o(.constdata)
    Task_Voice_attributes                    0x08007f88   Data          36  freertos.o(.constdata)
    DataBusMutex_attributes                  0x08007fac   Data          16  freertos.o(.constdata)
    AHBPrescTable                            0x08007fe0   Data          16  system_stm32f1xx.o(.constdata)
    APBPrescTable                            0x08007ff0   Data           8  system_stm32f1xx.o(.constdata)
    phase_table                              0x08007ff8   Data           8  bsp_stepper.o(.constdata)
    Region$$Table$$Base                      0x08008064   Number         0  anon$$obj.o(Region$$Table)
    Region$$Table$$Limit                     0x08008084   Number         0  anon$$obj.o(Region$$Table)
    defaultTaskHandle                        0x20000000   Data           4  freertos.o(.data)
    RadarTaskHandle                          0x20000004   Data           4  freertos.o(.data)
    Task_ReportHandle                        0x20000008   Data           4  freertos.o(.data)
    Task_ParseHandle                         0x2000000c   Data           4  freertos.o(.data)
    Task_SensorHandle                        0x20000010   Data           4  freertos.o(.data)
    TASK_HMIHandle                           0x20000014   Data           4  freertos.o(.data)
    Task_VoiceHandle                         0x20000018   Data           4  freertos.o(.data)
    DataBusMutexHandle                       0x2000001c   Data           4  freertos.o(.data)
    uwTickFreq                               0x20000020   Data           1  stm32f1xx_hal.o(.data)
    uwTickPrio                               0x20000024   Data           4  stm32f1xx_hal.o(.data)
    uwTick                                   0x20000028   Data           4  stm32f1xx_hal.o(.data)
    SystemCoreClock                          0x2000002c   Data           4  system_stm32f1xx.o(.data)
    pxCurrentTCB                             0x20000030   Data           4  tasks.o(.data)
    gTemRH_Val                               0x200000b0   Data           8  bsp_sht20.o(.data)
    parser_state                             0x200000c0   Data           1  radar.o(.data)
    radarRxSemHandle                         0x200000d0   Data           4  radar.o(.data)
    RxBuffer                                 0x200000da   Data           1  tjc_usart_hmi.o(.data)
    UartMessageBuffer                        0x200000dc   Data           4  app_uart.o(.data)
    flag_auto_mode                           0x200000e2   Data           1  app_hardware.o(.data)
    asr_rx_byte                              0x200000e5   Data           1  asr_uart3.o(.data)
    __stdout                                 0x200000e8   Data           4  stdout.o(.data)
    hadc2                                    0x200000f0   Data          48  adc.o(.bss)
    hi2c1                                    0x20000120   Data          84  i2c.o(.bss)
    huart4                                   0x20000174   Data          72  usart.o(.bss)
    huart5                                   0x200001bc   Data          72  usart.o(.bss)
    huart1                                   0x20000204   Data          72  usart.o(.bss)
    huart2                                   0x2000024c   Data          72  usart.o(.bss)
    huart3                                   0x20000294   Data          72  usart.o(.bss)
    hdma_usart1_tx                           0x200002dc   Data          68  usart.o(.bss)
    hdma_usart1_rx                           0x20000320   Data          68  usart.o(.bss)
    hdma_usart2_rx                           0x20000364   Data          68  usart.o(.bss)
    htim6                                    0x200003a8   Data          72  stm32f1xx_hal_timebase_tim.o(.bss)
    xQueueRegistry                           0x200003f0   Data          64  queue.o(.bss)
    radar_rb                                 0x20003108   Data        1028  radar.o(.bss)
    radar_dma                                0x2000350c   Data         128  radar.o(.bss)
    ringBuffer                               0x2000360c   Data         506  tjc_usart_hmi.o(.bss)
    g_cabin_data                             0x20003806   Data          22  protocol.o(.bss)
    g_uart_rx_buf                            0x2000381c   Data         128  app_uart.o(.bss)
    __initial_sp                             0x20003cc0   Data           0  startup_stm32f103xe.o(STACK)



==============================================================================

Memory Map of the image

  Image Entry point : 0x08000131

  Load Region LR_IROM1 (Base: 0x08000000, Size: 0x00008174, Max: 0x00040000, ABSOLUTE)

    Execution Region ER_IROM1 (Exec base: 0x08000000, Load base: 0x08000000, Size: 0x00008084, Max: 0x00040000, ABSOLUTE)

    Exec Addr    Load Addr    Size         Type   Attr      Idx    E Section Name        Object

    0x08000000   0x08000000   0x00000130   Data   RO            3    RESET               startup_stm32f103xe.o
    0x08000130   0x08000130   0x00000000   Code   RO         6182  * .ARM.Collect$$$$00000000  mc_w.l(entry.o)
    0x08000130   0x08000130   0x00000004   Code   RO         6474    .ARM.Collect$$$$00000001  mc_w.l(entry2.o)
    0x08000134   0x08000134   0x00000004   Code   RO         6477    .ARM.Collect$$$$00000004  mc_w.l(entry5.o)
    0x08000138   0x08000138   0x00000000   Code   RO         6479    .ARM.Collect$$$$00000008  mc_w.l(entry7b.o)
    0x08000138   0x08000138   0x00000000   Code   RO         6481    .ARM.Collect$$$$0000000A  mc_w.l(entry8b.o)
    0x08000138   0x08000138   0x00000008   Code   RO         6482    .ARM.Collect$$$$0000000B  mc_w.l(entry9a.o)
    0x08000140   0x08000140   0x00000004   Code   RO         6489    .ARM.Collect$$$$0000000E  mc_w.l(entry12b.o)
    0x08000144   0x08000144   0x00000000   Code   RO         6484    .ARM.Collect$$$$0000000F  mc_w.l(entry10a.o)
    0x08000144   0x08000144   0x00000000   Code   RO         6486    .ARM.Collect$$$$00000011  mc_w.l(entry11a.o)
    0x08000144   0x08000144   0x00000004   Code   RO         6475    .ARM.Collect$$$$00002712  mc_w.l(entry2.o)
    0x08000148   0x08000148   0x00000096   Code   RO         5483    .emb_text           port.o
    0x080001de   0x080001de   0x00000002   PAD
    0x080001e0   0x080001e0   0x00000024   Code   RO            4    .text               startup_stm32f103xe.o
    0x08000204   0x08000204   0x00000020   Code   RO         6185    .text               mc_w.l(llushr.o)
    0x08000224   0x08000224   0x00000024   Code   RO         6187    .text               mc_w.l(memcpya.o)
    0x08000248   0x08000248   0x00000024   Code   RO         6191    .text               mc_w.l(memseta.o)
    0x0800026c   0x0800026c   0x000000b0   Code   RO         6456    .text               mf_w.l(fadd.o)
    0x0800031c   0x0800031c   0x00000064   Code   RO         6458    .text               mf_w.l(fmul.o)
    0x08000380   0x08000380   0x0000007c   Code   RO         6460    .text               mf_w.l(fdiv.o)
    0x080003fc   0x080003fc   0x00000018   Code   RO         6462    .text               mf_w.l(fscalb.o)
    0x08000414   0x08000414   0x00000012   Code   RO         6464    .text               mf_w.l(fflti.o)
    0x08000426   0x08000426   0x0000000a   Code   RO         6466    .text               mf_w.l(ffltui.o)
    0x08000430   0x08000430   0x00000032   Code   RO         6468    .text               mf_w.l(ffixi.o)
    0x08000462   0x08000462   0x00000028   Code   RO         6470    .text               mf_w.l(ffixui.o)
    0x0800048a   0x0800048a   0x00000026   Code   RO         6472    .text               mf_w.l(f2d.o)
    0x080004b0   0x080004b0   0x0000002c   Code   RO         6491    .text               mc_w.l(uidiv.o)
    0x080004dc   0x080004dc   0x00000062   Code   RO         6493    .text               mc_w.l(uldiv.o)
    0x0800053e   0x0800053e   0x00000000   Code   RO         6502    .text               mc_w.l(iusefp.o)
    0x0800053e   0x0800053e   0x0000006e   Code   RO         6503    .text               mf_w.l(fepilogue.o)
    0x080005ac   0x080005ac   0x0000005e   Code   RO         6505    .text               mf_w.l(fsqrt.o)
    0x0800060a   0x0800060a   0x0000014e   Code   RO         6507    .text               mf_w.l(dadd.o)
    0x08000758   0x08000758   0x000000e4   Code   RO         6509    .text               mf_w.l(dmul.o)
    0x0800083c   0x0800083c   0x000000de   Code   RO         6511    .text               mf_w.l(ddiv.o)
    0x0800091a   0x0800091a   0x00000030   Code   RO         6513    .text               mf_w.l(dfixul.o)
    0x0800094a   0x0800094a   0x00000002   PAD
    0x0800094c   0x0800094c   0x00000030   Code   RO         6515    .text               mf_w.l(cdrcmple.o)
    0x0800097c   0x0800097c   0x00000024   Code   RO         6517    .text               mc_w.l(init.o)
    0x080009a0   0x080009a0   0x0000001e   Code   RO         6519    .text               mc_w.l(llshl.o)
    0x080009be   0x080009be   0x00000024   Code   RO         6521    .text               mc_w.l(llsshr.o)
    0x080009e2   0x080009e2   0x000000ba   Code   RO         6523    .text               mf_w.l(depilogue.o)
    0x08000a9c   0x08000a9c   0x00000056   Code   RO         1714    i.ADC_ConversionStop_Disable  stm32f1xx_hal_adc.o
    0x08000af2   0x08000af2   0x00000002   PAD
    0x08000af4   0x08000af4   0x0000007c   Code   RO         1718    i.ADC_Enable        stm32f1xx_hal_adc.o
    0x08000b70   0x08000b70   0x0000007c   Code   RO         6124    i.ASR_ProcessCommand  asr_uart3.o
    0x08000bec   0x08000bec   0x00000038   Code   RO         6125    i.ASR_ProcessRxData  asr_uart3.o
    0x08000c24   0x08000c24   0x00000048   Code   RO         6126    i.ASR_UART3_IRQHandler_Callback  asr_uart3.o
    0x08000c6c   0x08000c6c   0x00000030   Code   RO         6127    i.ASR_UART3_InitReceive  asr_uart3.o
    0x08000c9c   0x08000c9c   0x00000120   Code   RO         6093    i.App_Hardware_UpdateAllToBus  app_hardware.o
    0x08000dbc   0x08000dbc   0x00000030   Code   RO         5981    i.App_UART_Init     app_uart.o
    0x08000dec   0x08000dec   0x0000001c   Code   RO         5700    i.BSP_MQ2_GetSmokePPM  bsp_mq2.o
    0x08000e08   0x08000e08   0x00000040   Code   RO         5701    i.BSP_MQ2_Init      bsp_mq2.o
    0x08000e48   0x08000e48   0x00000028   Code   RO         5703    i.BSP_MQ2_ReadRaw   bsp_mq2.o
    0x08000e70   0x08000e70   0x00000168   Code   RO         5704    i.BSP_MQ2_Update    bsp_mq2.o
    0x08000fd8   0x08000fd8   0x00000024   Code   RO         5565    i.BSP_SGP30_Init    bsp_sgp30.o
    0x08000ffc   0x08000ffc   0x0000007c   Code   RO         5566    i.BSP_SGP30_Measure  bsp_sgp30.o
    0x08001078   0x08001078   0x00000074   Code   RO         5616    i.BSP_SHT20_GetData  bsp_sht20.o
    0x080010ec   0x080010ec   0x0000003c   Code   RO         5617    i.BSP_SHT20_Read    bsp_sht20.o
    0x08001128   0x08001128   0x0000000c   Code   RO         5652    i.BSP_Stepper_GetWindowPosition  bsp_stepper.o
    0x08001134   0x08001134   0x00000024   Code   RO         5653    i.BSP_Stepper_Init  bsp_stepper.o
    0x08001158   0x08001158   0x00000090   Code   RO         5654    i.BSP_Stepper_SetWindowPosition  bsp_stepper.o
    0x080011e8   0x080011e8   0x00000002   Code   RO          530    i.BusFault_Handler  stm32f1xx_it.o
    0x080011ea   0x080011ea   0x00000002   PAD
    0x080011ec   0x080011ec   0x000000dc   Code   RO         6029    i.Cabin_Emergency_Process  app_tasks.o
    0x080012c8   0x080012c8   0x0000002e   Code   RO         5960    i.Calculate_CRC16   protocol.o
    0x080012f6   0x080012f6   0x00000002   PAD
    0x080012f8   0x080012f8   0x0000000c   Code   RO          531    i.DMA1_Channel4_IRQHandler  stm32f1xx_it.o
    0x08001304   0x08001304   0x0000000c   Code   RO          532    i.DMA1_Channel5_IRQHandler  stm32f1xx_it.o
    0x08001310   0x08001310   0x0000000c   Code   RO          533    i.DMA1_Channel6_IRQHandler  stm32f1xx_it.o
    0x0800131c   0x0800131c   0x0000002a   Code   RO         2370    i.DMA_SetConfig     stm32f1xx_hal_dma.o
    0x08001346   0x08001346   0x00000002   Code   RO          534    i.DebugMon_Handler  stm32f1xx_it.o
    0x08001348   0x08001348   0x00000004   Code   RO           13    i.Error_Handler     main.o
    0x0800134c   0x0800134c   0x000000fc   Code   RO         1720    i.HAL_ADC_ConfigChannel  stm32f1xx_hal_adc.o
    0x08001448   0x08001448   0x00000006   Code   RO         1727    i.HAL_ADC_GetValue  stm32f1xx_hal_adc.o
    0x0800144e   0x0800144e   0x00000002   PAD
    0x08001450   0x08001450   0x00000120   Code   RO         1729    i.HAL_ADC_Init      stm32f1xx_hal_adc.o
    0x08001570   0x08001570   0x00000058   Code   RO          357    i.HAL_ADC_MspInit   adc.o
    0x080015c8   0x080015c8   0x0000013c   Code   RO         1733    i.HAL_ADC_PollForConversion  stm32f1xx_hal_adc.o
    0x08001704   0x08001704   0x000000c0   Code   RO         1735    i.HAL_ADC_Start     stm32f1xx_hal_adc.o
    0x080017c4   0x080017c4   0x00000034   Code   RO         1738    i.HAL_ADC_Stop      stm32f1xx_hal_adc.o
    0x080017f8   0x080017f8   0x00000046   Code   RO         2371    i.HAL_DMA_Abort     stm32f1xx_hal_dma.o
    0x0800183e   0x0800183e   0x00000002   PAD
    0x08001840   0x08001840   0x00000130   Code   RO         2372    i.HAL_DMA_Abort_IT  stm32f1xx_hal_dma.o
    0x08001970   0x08001970   0x00000248   Code   RO         2376    i.HAL_DMA_IRQHandler  stm32f1xx_hal_dma.o
    0x08001bb8   0x08001bb8   0x0000007c   Code   RO         2377    i.HAL_DMA_Init      stm32f1xx_hal_dma.o
    0x08001c34   0x08001c34   0x00000070   Code   RO         2381    i.HAL_DMA_Start_IT  stm32f1xx_hal_dma.o
    0x08001ca4   0x08001ca4   0x00000024   Code   RO         1997    i.HAL_Delay         stm32f1xx_hal.o
    0x08001cc8   0x08001cc8   0x000001f8   Code   RO         2307    i.HAL_GPIO_Init     stm32f1xx_hal_gpio.o
    0x08001ec0   0x08001ec0   0x0000000a   Code   RO         2309    i.HAL_GPIO_ReadPin  stm32f1xx_hal_gpio.o
    0x08001eca   0x08001eca   0x0000000a   Code   RO         2311    i.HAL_GPIO_WritePin  stm32f1xx_hal_gpio.o
    0x08001ed4   0x08001ed4   0x0000000c   Code   RO         2001    i.HAL_GetTick       stm32f1xx_hal.o
    0x08001ee0   0x08001ee0   0x00000188   Code   RO         2978    i.HAL_I2C_Init      stm32f1xx_hal_i2c.o
    0x08002068   0x08002068   0x00000250   Code   RO         2984    i.HAL_I2C_Master_Receive  stm32f1xx_hal_i2c.o
    0x080022b8   0x080022b8   0x0000012c   Code   RO         2991    i.HAL_I2C_Master_Transmit  stm32f1xx_hal_i2c.o
    0x080023e4   0x080023e4   0x0000005c   Code   RO          423    i.HAL_I2C_MspInit   i2c.o
    0x08002440   0x08002440   0x00000010   Code   RO         2007    i.HAL_IncTick       stm32f1xx_hal.o
    0x08002450   0x08002450   0x00000024   Code   RO         2008    i.HAL_Init          stm32f1xx_hal.o
    0x08002474   0x08002474   0x00000098   Code   RO          666    i.HAL_InitTick      stm32f1xx_hal_timebase_tim.o
    0x0800250c   0x0800250c   0x00000048   Code   RO          642    i.HAL_MspInit       stm32f1xx_hal_msp.o
    0x08002554   0x08002554   0x0000001a   Code   RO         2467    i.HAL_NVIC_EnableIRQ  stm32f1xx_hal_cortex.o
    0x0800256e   0x0800256e   0x00000002   PAD
    0x08002570   0x08002570   0x00000040   Code   RO         2473    i.HAL_NVIC_SetPriority  stm32f1xx_hal_cortex.o
    0x080025b0   0x080025b0   0x00000024   Code   RO         2474    i.HAL_NVIC_SetPriorityGrouping  stm32f1xx_hal_cortex.o
    0x080025d4   0x080025d4   0x000000b8   Code   RO         2268    i.HAL_RCCEx_GetPeriphCLKFreq  stm32f1xx_hal_rcc_ex.o
    0x0800268c   0x0800268c   0x000000ec   Code   RO         2269    i.HAL_RCCEx_PeriphCLKConfig  stm32f1xx_hal_rcc_ex.o
    0x08002778   0x08002778   0x0000012c   Code   RO         2165    i.HAL_RCC_ClockConfig  stm32f1xx_hal_rcc.o
    0x080028a4   0x080028a4   0x00000040   Code   RO         2169    i.HAL_RCC_GetClockConfig  stm32f1xx_hal_rcc.o
    0x080028e4   0x080028e4   0x00000020   Code   RO         2172    i.HAL_RCC_GetPCLK1Freq  stm32f1xx_hal_rcc.o
    0x08002904   0x08002904   0x00000020   Code   RO         2173    i.HAL_RCC_GetPCLK2Freq  stm32f1xx_hal_rcc.o
    0x08002924   0x08002924   0x0000004c   Code   RO         2174    i.HAL_RCC_GetSysClockFreq  stm32f1xx_hal_rcc.o
    0x08002970   0x08002970   0x00000320   Code   RO         2177    i.HAL_RCC_OscConfig  stm32f1xx_hal_rcc.o
    0x08002c90   0x08002c90   0x00000002   Code   RO         1447    i.HAL_TIMEx_BreakCallback  stm32f1xx_hal_tim_ex.o
    0x08002c92   0x08002c92   0x00000002   Code   RO         1448    i.HAL_TIMEx_CommutCallback  stm32f1xx_hal_tim_ex.o
    0x08002c94   0x08002c94   0x0000005a   Code   RO          743    i.HAL_TIM_Base_Init  stm32f1xx_hal_tim.o
    0x08002cee   0x08002cee   0x00000002   Code   RO          745    i.HAL_TIM_Base_MspInit  stm32f1xx_hal_tim.o
    0x08002cf0   0x08002cf0   0x0000006c   Code   RO          748    i.HAL_TIM_Base_Start_IT  stm32f1xx_hal_tim.o
    0x08002d5c   0x08002d5c   0x00000002   Code   RO          777    i.HAL_TIM_IC_CaptureCallback  stm32f1xx_hal_tim.o
    0x08002d5e   0x08002d5e   0x00000130   Code   RO          791    i.HAL_TIM_IRQHandler  stm32f1xx_hal_tim.o
    0x08002e8e   0x08002e8e   0x00000002   Code   RO          794    i.HAL_TIM_OC_DelayElapsedCallback  stm32f1xx_hal_tim.o
    0x08002e90   0x08002e90   0x00000002   Code   RO          821    i.HAL_TIM_PWM_PulseFinishedCallback  stm32f1xx_hal_tim.o
    0x08002e92   0x08002e92   0x00000002   PAD
    0x08002e94   0x08002e94   0x00000014   Code   RO           14    i.HAL_TIM_PeriodElapsedCallback  main.o
    0x08002ea8   0x08002ea8   0x00000002   Code   RO          834    i.HAL_TIM_TriggerCallback  stm32f1xx_hal_tim.o
    0x08002eaa   0x08002eaa   0x0000004a   Code   RO         3414    i.HAL_UARTEx_ReceiveToIdle_DMA  stm32f1xx_hal_uart.o
    0x08002ef4   0x08002ef4   0x00000088   Code   RO         5982    i.HAL_UARTEx_RxEventCallback  app_uart.o
    0x08002f7c   0x08002f7c   0x00000002   Code   RO         3430    i.HAL_UART_ErrorCallback  stm32f1xx_hal_uart.o
    0x08002f7e   0x08002f7e   0x00000002   PAD
    0x08002f80   0x08002f80   0x0000026c   Code   RO         3433    i.HAL_UART_IRQHandler  stm32f1xx_hal_uart.o
    0x080031ec   0x080031ec   0x00000064   Code   RO         3434    i.HAL_UART_Init     stm32f1xx_hal_uart.o
    0x08003250   0x08003250   0x0000029c   Code   RO          465    i.HAL_UART_MspInit  usart.o
    0x080034ec   0x080034ec   0x0000001c   Code   RO         3439    i.HAL_UART_Receive_IT  stm32f1xx_hal_uart.o
    0x08003508   0x08003508   0x0000002c   Code   RO         5983    i.HAL_UART_RxCpltCallback  app_uart.o
    0x08003534   0x08003534   0x00000002   Code   RO         3441    i.HAL_UART_RxHalfCpltCallback  stm32f1xx_hal_uart.o
    0x08003536   0x08003536   0x000000a0   Code   RO         3442    i.HAL_UART_Transmit  stm32f1xx_hal_uart.o
    0x080035d6   0x080035d6   0x00000002   PAD
    0x080035d8   0x080035d8   0x00000078   Code   RO         3443    i.HAL_UART_Transmit_DMA  stm32f1xx_hal_uart.o
    0x08003650   0x08003650   0x00000002   Code   RO         3445    i.HAL_UART_TxCpltCallback  stm32f1xx_hal_uart.o
    0x08003652   0x08003652   0x00000002   Code   RO         3446    i.HAL_UART_TxHalfCpltCallback  stm32f1xx_hal_uart.o
    0x08003654   0x08003654   0x00000002   Code   RO          535    i.HardFault_Handler  stm32f1xx_it.o
    0x08003656   0x08003656   0x0000002e   Code   RO         3021    i.I2C_IsAcknowledgeFailed  stm32f1xx_hal_i2c.o
    0x08003684   0x08003684   0x000000ec   Code   RO         3024    i.I2C_MasterRequestRead  stm32f1xx_hal_i2c.o
    0x08003770   0x08003770   0x0000009c   Code   RO         3025    i.I2C_MasterRequestWrite  stm32f1xx_hal_i2c.o
    0x0800380c   0x0800380c   0x00000056   Code   RO         3036    i.I2C_WaitOnBTFFlagUntilTimeout  stm32f1xx_hal_i2c.o
    0x08003862   0x08003862   0x00000002   PAD
    0x08003864   0x08003864   0x00000090   Code   RO         3037    i.I2C_WaitOnFlagUntilTimeout  stm32f1xx_hal_i2c.o
    0x080038f4   0x080038f4   0x000000bc   Code   RO         3038    i.I2C_WaitOnMasterAddressFlagUntilTimeout  stm32f1xx_hal_i2c.o
    0x080039b0   0x080039b0   0x00000070   Code   RO         3039    i.I2C_WaitOnRXNEFlagUntilTimeout  stm32f1xx_hal_i2c.o
    0x08003a20   0x08003a20   0x00000056   Code   RO         3040    i.I2C_WaitOnTXEFlagUntilTimeout  stm32f1xx_hal_i2c.o
    0x08003a76   0x08003a76   0x00000002   PAD
    0x08003a78   0x08003a78   0x000000c0   Code   RO         5705    i.MQ2_ConvertToPPM  bsp_mq2.o
    0x08003b38   0x08003b38   0x00000050   Code   RO          358    i.MX_ADC2_Init      adc.o
    0x08003b88   0x08003b88   0x0000004c   Code   RO          398    i.MX_DMA_Init       dma.o
    0x08003bd4   0x08003bd4   0x00000094   Code   RO          274    i.MX_FREERTOS_Init  freertos.o
    0x08003c68   0x08003c68   0x000000dc   Code   RO          250    i.MX_GPIO_Init      gpio.o
    0x08003d44   0x08003d44   0x00000040   Code   RO          424    i.MX_I2C1_Init      i2c.o
    0x08003d84   0x08003d84   0x00000038   Code   RO          466    i.MX_UART4_Init     usart.o
    0x08003dbc   0x08003dbc   0x00000038   Code   RO          467    i.MX_UART5_Init     usart.o
    0x08003df4   0x08003df4   0x00000038   Code   RO          468    i.MX_USART1_UART_Init  usart.o
    0x08003e2c   0x08003e2c   0x00000038   Code   RO          469    i.MX_USART2_UART_Init  usart.o
    0x08003e64   0x08003e64   0x00000038   Code   RO          470    i.MX_USART3_UART_Init  usart.o
    0x08003e9c   0x08003e9c   0x00000002   Code   RO          536    i.MemManage_Handler  stm32f1xx_it.o
    0x08003e9e   0x08003e9e   0x00000002   Code   RO          537    i.NMI_Handler       stm32f1xx_it.o
    0x08003ea0   0x08003ea0   0x00000012   Code   RO           15    i.Pre_Init_Delay    main.o
    0x08003eb2   0x08003eb2   0x00000002   PAD
    0x08003eb4   0x08003eb4   0x00000010   Code   RO         5755    i.Radar_GetData     radar.o
    0x08003ec4   0x08003ec4   0x00000030   Code   RO         5756    i.Radar_Init        radar.o
    0x08003ef4   0x08003ef4   0x00000030   Code   RO         5757    i.Radar_UART_RxCallback  radar.o
    0x08003f24   0x08003f24   0x00000030   Code   RO         5818    i.RingBuffer_Read   ringbuffer.o
    0x08003f54   0x08003f54   0x00000024   Code   RO         5819    i.RingBuffer_Write  ringbuffer.o
    0x08003f78   0x08003f78   0x00000030   Code   RO         5568    i.SGP30_CRC8        bsp_sgp30.o
    0x08003fa8   0x08003fa8   0x00000044   Code   RO         5655    i.Set_Stepper_Pins  bsp_stepper.o
    0x08003fec   0x08003fec   0x0000000c   Code   RO          275    i.StartDefaultTask  freertos.o
    0x08003ff8   0x08003ff8   0x00000004   Code   RO          276    i.StartHmiTask      freertos.o
    0x08003ffc   0x08003ffc   0x00000012   Code   RO          277    i.StartParseTask    freertos.o
    0x0800400e   0x0800400e   0x0000000e   Code   RO          278    i.StartRadarTask    freertos.o
    0x0800401c   0x0800401c   0x00000004   Code   RO          279    i.StartReportTask   freertos.o
    0x08004020   0x08004020   0x00000004   Code   RO          280    i.StartSensorTask   freertos.o
    0x08004024   0x08004024   0x00000010   Code   RO          281    i.StartVoiceTask    freertos.o
    0x08004034   0x08004034   0x0000001a   Code   RO         4915    i.SysTick_Handler   cmsis_os2.o
    0x0800404e   0x0800404e   0x0000007a   Code   RO           16    i.SystemClock_Config  main.o
    0x080040c8   0x080040c8   0x00000002   Code   RO         3768    i.SystemInit        system_stm32f1xx.o
    0x080040ca   0x080040ca   0x00000002   PAD
    0x080040cc   0x080040cc   0x0000000c   Code   RO          538    i.TIM6_IRQHandler   stm32f1xx_it.o
    0x080040d8   0x080040d8   0x0000009c   Code   RO          836    i.TIM_Base_SetConfig  stm32f1xx_hal_tim.o
    0x08004174   0x08004174   0x000001d8   Code   RO         6030    i.Task_Parse        app_tasks.o
    0x0800434c   0x0800434c   0x0000003c   Code   RO         5758    i.Task_Radar        radar.o
    0x08004388   0x08004388   0x00000098   Code   RO         6031    i.Task_Report       app_tasks.o
    0x08004420   0x08004420   0x0000028c   Code   RO         6032    i.Task_Screen       app_tasks.o
    0x080046ac   0x080046ac   0x00000048   Code   RO         6033    i.Task_Sensor       app_tasks.o
    0x080046f4   0x080046f4   0x0000000c   Code   RO          539    i.UART4_IRQHandler  stm32f1xx_it.o
    0x08004700   0x08004700   0x0000000c   Code   RO          540    i.UART5_IRQHandler  stm32f1xx_it.o
    0x0800470c   0x0800470c   0x00000010   Code   RO         3447    i.UART_DMAAbortOnError  stm32f1xx_hal_uart.o
    0x0800471c   0x0800471c   0x0000004a   Code   RO         3448    i.UART_DMAError     stm32f1xx_hal_uart.o
    0x08004766   0x08004766   0x00000086   Code   RO         3449    i.UART_DMAReceiveCplt  stm32f1xx_hal_uart.o
    0x080047ec   0x080047ec   0x0000001e   Code   RO         3451    i.UART_DMARxHalfCplt  stm32f1xx_hal_uart.o
    0x0800480a   0x0800480a   0x00000042   Code   RO         3453    i.UART_DMATransmitCplt  stm32f1xx_hal_uart.o
    0x0800484c   0x0800484c   0x0000000a   Code   RO         3455    i.UART_DMATxHalfCplt  stm32f1xx_hal_uart.o
    0x08004856   0x08004856   0x0000004e   Code   RO         3457    i.UART_EndRxTransfer  stm32f1xx_hal_uart.o
    0x080048a4   0x080048a4   0x0000001c   Code   RO         3458    i.UART_EndTxTransfer  stm32f1xx_hal_uart.o
    0x080048c0   0x080048c0   0x000000c2   Code   RO         3459    i.UART_Receive_IT   stm32f1xx_hal_uart.o
    0x08004982   0x08004982   0x00000002   PAD
    0x08004984   0x08004984   0x000000b8   Code   RO         3460    i.UART_SetConfig    stm32f1xx_hal_uart.o
    0x08004a3c   0x08004a3c   0x00000090   Code   RO         3461    i.UART_Start_Receive_DMA  stm32f1xx_hal_uart.o
    0x08004acc   0x08004acc   0x00000036   Code   RO         3462    i.UART_Start_Receive_IT  stm32f1xx_hal_uart.o
    0x08004b02   0x08004b02   0x00000072   Code   RO         3463    i.UART_WaitOnFlagUntilTimeout  stm32f1xx_hal_uart.o
    0x08004b74   0x08004b74   0x0000000c   Code   RO          541    i.USART1_IRQHandler  stm32f1xx_it.o
    0x08004b80   0x08004b80   0x0000000c   Code   RO          542    i.USART2_IRQHandler  stm32f1xx_it.o
    0x08004b8c   0x08004b8c   0x0000000c   Code   RO          543    i.USART3_IRQHandler  stm32f1xx_it.o
    0x08004b98   0x08004b98   0x00000002   Code   RO          544    i.UsageFault_Handler  stm32f1xx_it.o
    0x08004b9a   0x08004b9a   0x00000002   PAD
    0x08004b9c   0x08004b9c   0x00000020   Code   RO         6428    i.__0printf         mc_w.l(printfa.o)
    0x08004bbc   0x08004bbc   0x00000028   Code   RO         6430    i.__0sprintf        mc_w.l(printfa.o)
    0x08004be4   0x08004be4   0x00000020   Code   RO         2480    i.__NVIC_SetPriority  stm32f1xx_hal_cortex.o
    0x08004c04   0x08004c04   0x0000000e   Code   RO         6527    i.__scatterload_copy  mc_w.l(handlers.o)
    0x08004c12   0x08004c12   0x00000002   Code   RO         6528    i.__scatterload_null  mc_w.l(handlers.o)
    0x08004c14   0x08004c14   0x0000000e   Code   RO         6529    i.__scatterload_zeroinit  mc_w.l(handlers.o)
    0x08004c22   0x08004c22   0x00000002   PAD
    0x08004c24   0x08004c24   0x0000000c   Code   RO         6497    i.__set_errno       mc_w.l(errno.o)
    0x08004c30   0x08004c30   0x00000184   Code   RO         6435    i._fp_digits        mc_w.l(printfa.o)
    0x08004db4   0x08004db4   0x000006b4   Code   RO         6436    i._printf_core      mc_w.l(printfa.o)
    0x08005468   0x08005468   0x00000024   Code   RO         6437    i._printf_post_padding  mc_w.l(printfa.o)
    0x0800548c   0x0800548c   0x0000002e   Code   RO         6438    i._printf_pre_padding  mc_w.l(printfa.o)
    0x080054ba   0x080054ba   0x0000000a   Code   RO         6440    i._sputc            mc_w.l(printfa.o)
    0x080054c4   0x080054c4   0x00000018   Code   RO           17    i.fputc             main.o
    0x080054dc   0x080054dc   0x00000068   Code   RO           18    i.main              main.o
    0x08005544   0x08005544   0x0000001a   Code   RO         4917    i.osDelay           cmsis_os2.o
    0x0800555e   0x0800555e   0x0000002e   Code   RO         4918    i.osDelayUntil      cmsis_os2.o
    0x0800558c   0x0800558c   0x0000000e   Code   RO         4929    i.osKernelGetTickCount  cmsis_os2.o
    0x0800559a   0x0800559a   0x00000006   Code   RO         4930    i.osKernelGetTickFreq  cmsis_os2.o
    0x080055a0   0x080055a0   0x00000024   Code   RO         4931    i.osKernelInitialize  cmsis_os2.o
    0x080055c4   0x080055c4   0x00000038   Code   RO         4934    i.osKernelStart     cmsis_os2.o
    0x080055fc   0x080055fc   0x00000052   Code   RO         4954    i.osMutexAcquire    cmsis_os2.o
    0x0800564e   0x0800564e   0x00000068   Code   RO         4957    i.osMutexNew        cmsis_os2.o
    0x080056b6   0x080056b6   0x00000042   Code   RO         4958    i.osMutexRelease    cmsis_os2.o
    0x080056f8   0x080056f8   0x0000005c   Code   RO         4959    i.osSemaphoreAcquire  cmsis_os2.o
    0x08005754   0x08005754   0x00000098   Code   RO         4962    i.osSemaphoreNew    cmsis_os2.o
    0x080057ec   0x080057ec   0x00000058   Code   RO         4963    i.osSemaphoreRelease  cmsis_os2.o
    0x08005844   0x08005844   0x0000008a   Code   RO         4976    i.osThreadNew       cmsis_os2.o
    0x080058ce   0x080058ce   0x00000002   PAD
    0x080058d0   0x080058d0   0x000000d0   Code   RO         5759    i.process_byte_internal  radar.o
    0x080059a0   0x080059a0   0x000000cc   Code   RO         5760    i.process_radar_frame  radar.o
    0x08005a6c   0x08005a6c   0x0000005c   Code   RO         4376    i.prvAddCurrentTaskToDelayedList  tasks.o
    0x08005ac8   0x08005ac8   0x000000d0   Code   RO         4377    i.prvAddNewTaskToReadyList  tasks.o
    0x08005b98   0x08005b98   0x00000012   Code   RO         4209    i.prvBytesInBuffer  stream_buffer.o
    0x08005baa   0x08005baa   0x00000002   PAD
    0x08005bac   0x08005bac   0x00000058   Code   RO         4741    i.prvCheckForValidListAndQueue  timers.o
    0x08005c04   0x08005c04   0x00000026   Code   RO         3973    i.prvCopyDataFromQueue  queue.o
    0x08005c2a   0x08005c2a   0x0000006c   Code   RO         3974    i.prvCopyDataToQueue  queue.o
    0x08005c96   0x08005c96   0x00000034   Code   RO         4378    i.prvDeleteTCB      tasks.o
    0x08005cca   0x08005cca   0x00000002   PAD
    0x08005ccc   0x08005ccc   0x0000004c   Code   RO         5428    i.prvHeapInit       heap_4.o
    0x08005d18   0x08005d18   0x00000060   Code   RO         4379    i.prvIdleTask       tasks.o
    0x08005d78   0x08005d78   0x00000016   Code   RO         3975    i.prvInitialiseMutex  queue.o
    0x08005d8e   0x08005d8e   0x00000002   PAD
    0x08005d90   0x08005d90   0x00000022   Code   RO         3976    i.prvInitialiseNewQueue  queue.o
    0x08005db2   0x08005db2   0x00000042   Code   RO         4210    i.prvInitialiseNewStreamBuffer  stream_buffer.o
    0x08005df4   0x08005df4   0x000000b0   Code   RO         4380    i.prvInitialiseNewTask  tasks.o
    0x08005ea4   0x08005ea4   0x0000004c   Code   RO         5429    i.prvInsertBlockIntoFreeList  heap_4.o
    0x08005ef0   0x08005ef0   0x00000038   Code   RO         4743    i.prvInsertTimerInActiveList  timers.o
    0x08005f28   0x08005f28   0x0000001c   Code   RO         3977    i.prvIsQueueEmpty   queue.o
    0x08005f44   0x08005f44   0x000000fc   Code   RO         4744    i.prvProcessReceivedCommands  timers.o
    0x08006040   0x08006040   0x000000c0   Code   RO         4745    i.prvProcessTimerOrBlockTask  timers.o
    0x08006100   0x08006100   0x0000008c   Code   RO         4211    i.prvReadBytesFromBuffer  stream_buffer.o
    0x0800618c   0x0800618c   0x0000003a   Code   RO         4212    i.prvReadMessageFromBuffer  stream_buffer.o
    0x080061c6   0x080061c6   0x00000002   PAD
    0x080061c8   0x080061c8   0x00000020   Code   RO         4382    i.prvResetNextTaskUnblockTime  tasks.o
    0x080061e8   0x080061e8   0x00000028   Code   RO         4746    i.prvSampleTimeNow  timers.o
    0x08006210   0x08006210   0x0000006c   Code   RO         4747    i.prvSwitchTimerLists  timers.o
    0x0800627c   0x0800627c   0x00000028   Code   RO         5484    i.prvTaskExitError  port.o
    0x080062a4   0x080062a4   0x00000024   Code   RO         4748    i.prvTimerTask      timers.o
    0x080062c8   0x080062c8   0x0000006a   Code   RO         3978    i.prvUnlockQueue    queue.o
    0x08006332   0x08006332   0x00000082   Code   RO         4213    i.prvWriteBytesToBuffer  stream_buffer.o
    0x080063b4   0x080063b4   0x0000003c   Code   RO         4214    i.prvWriteMessageToBuffer  stream_buffer.o
    0x080063f0   0x080063f0   0x000000dc   Code   RO         5430    i.pvPortMalloc      heap_4.o
    0x080064cc   0x080064cc   0x00000018   Code   RO         4385    i.pvTaskIncrementMutexHeldCount  tasks.o
    0x080064e4   0x080064e4   0x00000024   Code   RO         5485    i.pxPortInitialiseStack  port.o
    0x08006508   0x08006508   0x0000002c   Code   RO         6175    i.sqrtf             m_ws.l(sqrtf.o)
    0x08006534   0x08006534   0x00000044   Code   RO         5854    i.tjc_send_txt      tjc_usart_hmi.o
    0x08006578   0x08006578   0x00000030   Code   RO         5857    i.tjc_uart_rx_callback  tjc_usart_hmi.o
    0x080065a8   0x080065a8   0x00000028   Code   RO         5858    i.uart_send_char    tjc_usart_hmi.o
    0x080065d0   0x080065d0   0x00000018   Code   RO         5859    i.uart_send_string  tjc_usart_hmi.o
    0x080065e8   0x080065e8   0x00000026   Code   RO         3933    i.uxListRemove      list.o
    0x0800660e   0x0800660e   0x00000002   PAD
    0x08006610   0x08006610   0x00000014   Code   RO         4988    i.vApplicationGetIdleTaskMemory  cmsis_os2.o
    0x08006624   0x08006624   0x00000018   Code   RO         4989    i.vApplicationGetTimerTaskMemory  cmsis_os2.o
    0x0800663c   0x0800663c   0x00000016   Code   RO         3934    i.vListInitialise   list.o
    0x08006652   0x08006652   0x00000006   Code   RO         3935    i.vListInitialiseItem  list.o
    0x08006658   0x08006658   0x00000030   Code   RO         3936    i.vListInsert       list.o
    0x08006688   0x08006688   0x00000018   Code   RO         3937    i.vListInsertEnd    list.o
    0x080066a0   0x080066a0   0x00000040   Code   RO         5487    i.vPortEnterCritical  port.o
    0x080066e0   0x080066e0   0x00000028   Code   RO         5488    i.vPortExitCritical  port.o
    0x08006708   0x08006708   0x00000064   Code   RO         5431    i.vPortFree         heap_4.o
    0x0800676c   0x0800676c   0x00000024   Code   RO         5489    i.vPortSetupTimerInterrupt  port.o
    0x08006790   0x08006790   0x00000054   Code   RO         5490    i.vPortValidateInterruptPriority  port.o
    0x080067e4   0x080067e4   0x00000028   Code   RO         3984    i.vQueueAddToRegistry  queue.o
    0x0800680c   0x0800680c   0x0000002e   Code   RO         3985    i.vQueueDelete      queue.o
    0x0800683a   0x0800683a   0x00000002   PAD
    0x0800683c   0x0800683c   0x00000028   Code   RO         3987    i.vQueueUnregisterQueue  queue.o
    0x08006864   0x08006864   0x00000044   Code   RO         3988    i.vQueueWaitForMessageRestricted  queue.o
    0x080068a8   0x080068a8   0x0000004c   Code   RO         4395    i.vTaskDelay        tasks.o
    0x080068f4   0x080068f4   0x0000008c   Code   RO         4396    i.vTaskDelayUntil   tasks.o
    0x08006980   0x08006980   0x00000010   Code   RO         4400    i.vTaskInternalSetTimeOutState  tasks.o
    0x08006990   0x08006990   0x0000000c   Code   RO         4401    i.vTaskMissedYield  tasks.o
    0x0800699c   0x0800699c   0x00000030   Code   RO         4403    i.vTaskPlaceOnEventList  tasks.o
    0x080069cc   0x080069cc   0x00000038   Code   RO         4404    i.vTaskPlaceOnEventListRestricted  tasks.o
    0x08006a04   0x08006a04   0x00000090   Code   RO         4406    i.vTaskPriorityDisinheritAfterTimeout  tasks.o
    0x08006a94   0x08006a94   0x00000088   Code   RO         4412    i.vTaskStartScheduler  tasks.o
    0x08006b1c   0x08006b1c   0x00000010   Code   RO         4414    i.vTaskSuspendAll   tasks.o
    0x08006b2c   0x08006b2c   0x00000064   Code   RO         4415    i.vTaskSwitchContext  tasks.o
    0x08006b90   0x08006b90   0x00000030   Code   RO         5860    i.write1ByteToRingBuffer  tjc_usart_hmi.o
    0x08006bc0   0x08006bc0   0x000000a8   Code   RO         5491    i.xPortStartScheduler  port.o
    0x08006c68   0x08006c68   0x0000002c   Code   RO         5492    i.xPortSysTickHandler  port.o
    0x08006c94   0x08006c94   0x0000003a   Code   RO         3989    i.xQueueCreateCountingSemaphore  queue.o
    0x08006cce   0x08006cce   0x00000040   Code   RO         3990    i.xQueueCreateCountingSemaphoreStatic  queue.o
    0x08006d0e   0x08006d0e   0x00000016   Code   RO         3991    i.xQueueCreateMutex  queue.o
    0x08006d24   0x08006d24   0x0000001a   Code   RO         3992    i.xQueueCreateMutexStatic  queue.o
    0x08006d3e   0x08006d3e   0x00000042   Code   RO         3993    i.xQueueGenericCreate  queue.o
    0x08006d80   0x08006d80   0x00000066   Code   RO         3994    i.xQueueGenericCreateStatic  queue.o
    0x08006de6   0x08006de6   0x00000002   PAD
    0x08006de8   0x08006de8   0x00000088   Code   RO         3995    i.xQueueGenericReset  queue.o
    0x08006e70   0x08006e70   0x00000160   Code   RO         3996    i.xQueueGenericSend  queue.o
    0x08006fd0   0x08006fd0   0x000000be   Code   RO         3997    i.xQueueGenericSendFromISR  queue.o
    0x0800708e   0x0800708e   0x0000009c   Code   RO         4000    i.xQueueGiveFromISR  queue.o
    0x0800712a   0x0800712a   0x0000003e   Code   RO         4001    i.xQueueGiveMutexRecursive  queue.o
    0x08007168   0x08007168   0x00000138   Code   RO         4006    i.xQueueReceive     queue.o
    0x080072a0   0x080072a0   0x0000009a   Code   RO         4007    i.xQueueReceiveFromISR  queue.o
    0x0800733a   0x0800733a   0x00000002   PAD
    0x0800733c   0x0800733c   0x00000178   Code   RO         4008    i.xQueueSemaphoreTake  queue.o
    0x080074b4   0x080074b4   0x00000040   Code   RO         4009    i.xQueueTakeMutexRecursive  queue.o
    0x080074f4   0x080074f4   0x0000006c   Code   RO         4220    i.xStreamBufferGenericCreate  stream_buffer.o
    0x08007560   0x08007560   0x000000d4   Code   RO         4225    i.xStreamBufferReceive  stream_buffer.o
    0x08007634   0x08007634   0x0000008e   Code   RO         4231    i.xStreamBufferSendFromISR  stream_buffer.o
    0x080076c2   0x080076c2   0x00000026   Code   RO         4233    i.xStreamBufferSpacesAvailable  stream_buffer.o
    0x080076e8   0x080076e8   0x00000074   Code   RO         4417    i.xTaskCheckForTimeOut  tasks.o
    0x0800775c   0x0800775c   0x0000005a   Code   RO         4418    i.xTaskCreate       tasks.o
    0x080077b6   0x080077b6   0x00000056   Code   RO         4419    i.xTaskCreateStatic  tasks.o
    0x0800780c   0x0800780c   0x000000e0   Code   RO         4420    i.xTaskGenericNotify  tasks.o
    0x080078ec   0x080078ec   0x00000104   Code   RO         4421    i.xTaskGenericNotifyFromISR  tasks.o
    0x080079f0   0x080079f0   0x0000000c   Code   RO         4422    i.xTaskGetCurrentTaskHandle  tasks.o
    0x080079fc   0x080079fc   0x0000001c   Code   RO         4423    i.xTaskGetSchedulerState  tasks.o
    0x08007a18   0x08007a18   0x0000000c   Code   RO         4424    i.xTaskGetTickCount  tasks.o
    0x08007a24   0x08007a24   0x00000010   Code   RO         4425    i.xTaskGetTickCountFromISR  tasks.o
    0x08007a34   0x08007a34   0x000000c8   Code   RO         4426    i.xTaskIncrementTick  tasks.o
    0x08007afc   0x08007afc   0x00000034   Code   RO         4427    i.xTaskNotifyStateClear  tasks.o
    0x08007b30   0x08007b30   0x0000008c   Code   RO         4428    i.xTaskNotifyWait   tasks.o
    0x08007bbc   0x08007bbc   0x00000080   Code   RO         4429    i.xTaskPriorityDisinherit  tasks.o
    0x08007c3c   0x08007c3c   0x00000078   Code   RO         4430    i.xTaskPriorityInherit  tasks.o
    0x08007cb4   0x08007cb4   0x00000070   Code   RO         4431    i.xTaskRemoveFromEventList  tasks.o
    0x08007d24   0x08007d24   0x000000c4   Code   RO         4432    i.xTaskResumeAll    tasks.o
    0x08007de8   0x08007de8   0x00000060   Code   RO         4757    i.xTimerCreateTimerTask  timers.o
    0x08007e48   0x08007e48   0x00000068   Code   RO         4758    i.xTimerGenericCommand  timers.o
    0x08007eb0   0x08007eb0   0x0000010c   Data   RO          282    .constdata          freertos.o
    0x08007fbc   0x08007fbc   0x00000012   Data   RO         2178    .constdata          stm32f1xx_hal_rcc.o
    0x08007fce   0x08007fce   0x00000012   Data   RO         2270    .constdata          stm32f1xx_hal_rcc_ex.o
    0x08007fe0   0x08007fe0   0x00000010   Data   RO         3769    .constdata          system_stm32f1xx.o
    0x08007ff0   0x08007ff0   0x00000008   Data   RO         3770    .constdata          system_stm32f1xx.o
    0x08007ff8   0x08007ff8   0x00000008   Data   RO         5656    .constdata          bsp_stepper.o
    0x08008000   0x08008000   0x00000061   Data   RO          283    .conststring        freertos.o
    0x08008061   0x08008061   0x00000003   PAD
    0x08008064   0x08008064   0x00000020   Data   RO         6525    Region$$Table       anon$$obj.o


    Execution Region RW_IRAM1 (Exec base: 0x20000000, Load base: 0x08008084, Size: 0x00003cc0, Max: 0x0000c000, ABSOLUTE)

    Exec Addr    Load Addr    Size         Type   Attr      Idx    E Section Name        Object

    0x20000000   0x08008084   0x00000020   Data   RW          284    .data               freertos.o
    0x20000020   0x080080a4   0x0000000c   Data   RW         2015    .data               stm32f1xx_hal.o
    0x2000002c   0x080080b0   0x00000004   Data   RW         3771    .data               system_stm32f1xx.o
    0x20000030   0x080080b4   0x0000003c   Data   RW         4435    .data               tasks.o
    0x2000006c   0x080080f0   0x00000014   Data   RW         4766    .data               timers.o
    0x20000080   0x08008104   0x00000004   Data   RW         4991    .data               cmsis_os2.o
    0x20000084   0x08008108   0x00000020   Data   RW         5437    .data               heap_4.o
    0x200000a4   0x08008128   0x0000000c   Data   RW         5493    .data               port.o
    0x200000b0   0x08008134   0x00000008   Data   RW         5618    .data               bsp_sht20.o
    0x200000b8   0x0800813c   0x00000002   Data   RW         5657    .data               bsp_stepper.o
    0x200000ba   0x0800813e   0x00000002   PAD
    0x200000bc   0x08008140   0x00000004   Data   RW         5707    .data               bsp_mq2.o
    0x200000c0   0x08008144   0x0000001a   Data   RW         5762    .data               radar.o
    0x200000da   0x0800815e   0x00000001   Data   RW         5862    .data               tjc_usart_hmi.o
    0x200000db   0x0800815f   0x00000001   PAD
    0x200000dc   0x08008160   0x00000004   Data   RW         5985    .data               app_uart.o
    0x200000e0   0x08008164   0x00000002   Data   RW         6034    .data               app_tasks.o
    0x200000e2   0x08008166   0x00000001   Data   RW         6094    .data               app_hardware.o
    0x200000e3   0x08008167   0x00000001   PAD
    0x200000e4   0x08008168   0x00000004   Data   RW         6129    .data               asr_uart3.o
    0x200000e8   0x0800816c   0x00000004   Data   RW         6490    .data               mc_w.l(stdout.o)
    0x200000ec   0x08008170   0x00000004   Data   RW         6498    .data               mc_w.l(errno.o)
    0x200000f0        -       0x00000030   Zero   RW          359    .bss                adc.o
    0x20000120        -       0x00000054   Zero   RW          425    .bss                i2c.o
    0x20000174        -       0x00000234   Zero   RW          471    .bss                usart.o
    0x200003a8        -       0x00000048   Zero   RW          669    .bss                stm32f1xx_hal_timebase_tim.o
    0x200003f0        -       0x00000040   Zero   RW         4010    .bss                queue.o
    0x20000430        -       0x000004c4   Zero   RW         4434    .bss                tasks.o
    0x200008f4        -       0x00000118   Zero   RW         4765    .bss                timers.o
    0x20000a0c        -       0x000006b8   Zero   RW         4990    .bss                cmsis_os2.o
    0x200010c4        -       0x00002000   Zero   RW         5436    .bss                heap_4.o
    0x200030c4        -       0x00000044   Zero   RW         5706    .bss                bsp_mq2.o
    0x20003108        -       0x00000504   Zero   RW         5761    .bss                radar.o
    0x2000360c        -       0x000001fa   Zero   RW         5861    .bss                tjc_usart_hmi.o
    0x20003806        -       0x00000016   Zero   RW         5961    .bss                protocol.o
    0x2000381c        -       0x00000080   Zero   RW         5984    .bss                app_uart.o
    0x2000389c        -       0x00000020   Zero   RW         6128    .bss                asr_uart3.o
    0x200038bc   0x08008174   0x00000004   PAD
    0x200038c0        -       0x00000400   Zero   RW            1    STACK               startup_stm32f103xe.o


==============================================================================

Image component sizes


      Code (inc. data)   RO Data    RW Data    ZI Data      Debug   Object Name

       168         22          0          0         48       1541   adc.o
       288         24          0          1          0       1215   app_hardware.o
      1568        378          0          2          0       5564   app_tasks.o
       228         62          0          4        128       2578   app_uart.o
       300         44          0          4         32       2883   asr_uart3.o
       684        184          0          4         68       4478   bsp_mq2.o
       208          8          0          0          0       2129   bsp_sgp30.o
       176         28          0          8          0       2170   bsp_sht20.o
       260         36          8          2          0       2737   bsp_stepper.o
       976         32          0          4       1720      65741   cmsis_os2.o
        76          4          0          0          0        722   dma.o
         0          0          0          0          0      19484   event_groups.o
       220         36        365         32          0       5246   freertos.o
       220         18          0          0          0        935   gpio.o
       472         24          0         32       8192       4607   heap_4.o
       156         26          0          0         84       1529   i2c.o
       138          0          0          0          0       3242   list.o
       292         32          0          0          0     527707   main.o
       662         70          0         12          0      10429   port.o
        46          0          0          0         22       1949   protocol.o
      2670         28          0          0         64      28728   queue.o
       584         64          0         26       1284       5361   radar.o
        84          0          0          0          0       2765   ringbuffer.o
        36          8        304          0       1024        776   startup_stm32f103xe.o
       100         18          0         12          0       5674   stm32f1xx_hal.o
      1316         58          0          0          0       7063   stm32f1xx_hal_adc.o
       158         14          0          0          0      28058   stm32f1xx_hal_cortex.o
      1236         52          0          0          0       4942   stm32f1xx_hal_dma.o
       524         42          0          0          0       3431   stm32f1xx_hal_gpio.o
      2338         54          0          0          0      12270   stm32f1xx_hal_i2c.o
        72         10          0          0          0        818   stm32f1xx_hal_msp.o
      1304         94         18          0          0       5569   stm32f1xx_hal_rcc.o
       420         30         18          0          0       2441   stm32f1xx_hal_rcc_ex.o
       668         42          0          0          0       6956   stm32f1xx_hal_tim.o
         4          0          0          0          0       1509   stm32f1xx_hal_tim_ex.o
       152         20          0          0         72       1403   stm32f1xx_hal_timebase_tim.o
      2236         38          0          0          0      17039   stm32f1xx_hal_uart.o
       120         54          0          0          0       6154   stm32f1xx_it.o
       972          0          0          0          0      23162   stream_buffer.o
         2          0         24          4          0       1043   system_stm32f1xx.o
      3216        264          0         60       1220      34605   tasks.o
       972         80          0         20        280      31611   timers.o
       228         32          0          1        506       3370   tjc_usart_hmi.o
       948         90          0          0        564       4443   usart.o

    ----------------------------------------------------------------------
     27548       2120        772        232      15312     906077   Object Totals
         0          0         32          0          0          0   (incl. Generated)
        50          0          3          4          4          0   (incl. Padding)

    ----------------------------------------------------------------------

      Code (inc. data)   RO Data    RW Data    ZI Data      Debug   Library Member Name

        44          0          0          0          0         80   sqrtf.o
         0          0          0          0          0          0   entry.o
         0          0          0          0          0          0   entry10a.o
         0          0          0          0          0          0   entry11a.o
         4          0          0          0          0          0   entry12b.o
         8          4          0          0          0          0   entry2.o
         4          0          0          0          0          0   entry5.o
         0          0          0          0          0          0   entry7b.o
         0          0          0          0          0          0   entry8b.o
         8          4          0          0          0          0   entry9a.o
        12          6          0          4          0         68   errno.o
        30          0          0          0          0          0   handlers.o
        36          8          0          0          0         68   init.o
         0          0          0          0          0          0   iusefp.o
        30          0          0          0          0         68   llshl.o
        36          0          0          0          0         68   llsshr.o
        32          0          0          0          0         68   llushr.o
        36          0          0          0          0         68   memcpya.o
        36          0          0          0          0        108   memseta.o
      2268         96          0          0          0        616   printfa.o
         0          0          0          4          0          0   stdout.o
        44          0          0          0          0         80   uidiv.o
        98          0          0          0          0         92   uldiv.o
        48          0          0          0          0         68   cdrcmple.o
       334          0          0          0          0        148   dadd.o
       222          0          0          0          0        100   ddiv.o
       186          0          0          0          0        176   depilogue.o
        48          0          0          0          0         68   dfixul.o
       228          0          0          0          0         96   dmul.o
        38          0          0          0          0         68   f2d.o
       176          0          0          0          0        140   fadd.o
       124          0          0          0          0         88   fdiv.o
       110          0          0          0          0        168   fepilogue.o
        50          0          0          0          0         68   ffixi.o
        40          0          0          0          0         68   ffixui.o
        18          0          0          0          0         68   fflti.o
        10          0          0          0          0         68   ffltui.o
       100          0          0          0          0         76   fmul.o
        24          0          0          0          0         68   fscalb.o
        94          0          0          0          0         96   fsqrt.o

    ----------------------------------------------------------------------
      4580        118          0          8          0       3016   Library Totals
         4          0          0          0          0          0   (incl. Padding)

    ----------------------------------------------------------------------

      Code (inc. data)   RO Data    RW Data    ZI Data      Debug   Library Name

        44          0          0          0          0         80   m_ws.l
      2682        118          0          8          0       1304   mc_w.l
      1850          0          0          0          0       1632   mf_w.l

    ----------------------------------------------------------------------
      4580        118          0          8          0       3016   Library Totals

    ----------------------------------------------------------------------

==============================================================================


      Code (inc. data)   RO Data    RW Data    ZI Data      Debug   

     32128       2238        772        240      15312     893541   Grand Totals
     32128       2238        772        240      15312     893541   ELF Image Totals
     32128       2238        772        240          0          0   ROM Totals

==============================================================================

    Total RO  Size (Code + RO Data)                32900 (  32.13kB)
    Total RW  Size (RW Data + ZI Data)             15552 (  15.19kB)
    Total ROM Size (Code + RO Data + RW Data)      33140 (  32.36kB)

==============================================================================

