<html>
<body>
<pre>
<h1>µVision Build Log</h1>
<h2>Tool Versions:</h2>
IDE-Version: ¦ÌVision V5.36.0.0
Copyright (C) 2021 ARM Ltd and ARM Germany GmbH. All rights reserved.
License Information: 1 1, 1, LIC=21E4T-RI7H9-636MB-2IAMI-HQE6A-7X0DZ
 
Tool Versions:
Toolchain:       MDK-ARM Plus  Version: 5.36.0.0
Toolchain Path:  D:\Keil5\ARM\ARMCC\Bin
C Compiler:      Armcc.exe V5.06 update 7 (build 960)
Assembler:       Armasm.exe V5.06 update 7 (build 960)
Linker/Locator:  ArmLink.exe V5.06 update 7 (build 960)
Library Manager: ArmAr.exe V5.06 update 7 (build 960)
Hex Converter:   FromElf.exe V5.06 update 7 (build 960)
CPU DLL:         SARMCM3.DLL V5.36.0.0
Dialog DLL:      DCM.DLL V1.17.3.0
Target DLL:      STLink\ST-LINKIII-KEIL_SWO.dll V3.0.9.0
Dialog DLL:      TCM.DLL V1.53.0.0
 
<h2>Project:</h2>
E:\Device\Edge_DMS_Cockpit\MDK-ARM\Edge_DMS_Cockpit.uvprojx
Project File Date:  06/11/2026

<h2>Output:</h2>
*** Using Compiler 'V5.06 update 7 (build 960)', folder: 'D:\Keil5\ARM\ARMCC\Bin'
Rebuild target 'Edge_DMS_Cockpit'
assembling startup_stm32f103xe.s...
compiling stm32f1xx_hal_msp.c...
compiling stm32f1xx_hal_timebase_tim.c...
compiling dma.c...
compiling adc.c...
compiling stm32f1xx_it.c...
compiling gpio.c...
compiling stm32f1xx_hal_adc.c...
compiling stm32f1xx_hal_tim_ex.c...
compiling i2c.c...
compiling stm32f1xx_hal_adc_ex.c...
compiling stm32f1xx_hal_gpio_ex.c...
compiling usart.c...
compiling freertos.c...
../Core/Inc/app_tasks.h(12): warning:  #1-D: last line of file ends without a newline
  #endif
../Core/Inc/app_uart.h(16): warning:  #1-D: last line of file ends without a newline
  #endif
../Core/Inc/asr_uart3.h(19): warning:  #1-D: last line of file ends without a newline
  #endif /* __ASR_UART3_H__ */
../Core/Src/freertos.c: 3 warnings, 0 errors
compiling main.c...
../Core/Inc/tjc_usart_hmi.h(49): warning:  #1-D: last line of file ends without a newline
  #endif
../Core/Inc/app_uart.h(16): warning:  #1-D: last line of file ends without a newline
  #endif
../Core/Inc/app_tasks.h(12): warning:  #1-D: last line of file ends without a newline
  #endif
../Core/Src/main.c: 3 warnings, 0 errors
compiling croutine.c...
compiling event_groups.c...
compiling list.c...
compiling queue.c...
compiling stream_buffer.c...
compiling stm32f1xx_hal_tim.c...
compiling timers.c...
compiling stm32f1xx_hal_pwr.c...
compiling tasks.c...
compiling heap_4.c...
compiling port.c...
compiling stm32f1xx_hal.c...
compiling stm32f1xx_hal_flash.c...
compiling system_stm32f1xx.c...
compiling stm32f1xx_hal_flash_ex.c...
compiling stm32f1xx_hal_exti.c...
compiling stm32f1xx_hal_cortex.c...
compiling stm32f1xx_hal_rcc_ex.c...
compiling stm32f1xx_hal_uart.c...
compiling stm32f1xx_hal_rcc.c...
compiling stm32f1xx_hal_gpio.c...
compiling stm32f1xx_hal_i2c.c...
compiling stm32f1xx_hal_dma.c...
compiling protocol.c...
../Core/Inc/protocol.h(47): warning:  #1-D: last line of file ends without a newline
  #endif /* __PROTOCOL_H__ */
..\Core\Src\protocol.c(21): warning:  #1-D: last line of file ends without a newline
  }
..\Core\Src\protocol.c: 2 warnings, 0 errors
compiling ringbuffer.c...
..\Core\Src\ringbuffer.c(23): warning:  #1-D: last line of file ends without a newline
  }                                          
..\Core\Src\ringbuffer.c: 1 warning, 0 errors
compiling bsp_sht20.c...
compiling bsp_sgp30.c...
compiling bsp_stepper.c...
compiling tjc_usart_hmi.c...
../Core/Inc/tjc_usart_hmi.h(49): warning:  #1-D: last line of file ends without a newline
  #endif
..\Core\Src\tjc_usart_hmi.c(359): warning:  #1-D: last line of file ends without a newline
  }
..\Core\Src\tjc_usart_hmi.c: 2 warnings, 0 errors
compiling bsp_mq2.c...
compiling cmsis_os2.c...
compiling app_hardware.c...
../Core/Inc/app_hardware.h(9): warning:  #1-D: last line of file ends without a newline
  #endif
../Core/Inc/protocol.h(47): warning:  #1-D: last line of file ends without a newline
  #endif /* __PROTOCOL_H__ */
..\Core\Src\app_hardware.c(80): warning:  #1-D: last line of file ends without a newline
  }
..\Core\Src\app_hardware.c: 3 warnings, 0 errors
compiling app_uart.c...
../Core/Inc/app_uart.h(16): warning:  #1-D: last line of file ends without a newline
  #endif
../Core/Inc/tjc_usart_hmi.h(49): warning:  #1-D: last line of file ends without a newline
  #endif
../Core/Inc/asr_uart3.h(19): warning:  #1-D: last line of file ends without a newline
  #endif /* __ASR_UART3_H__ */
..\Core\Src\app_uart.c(104): warning:  #1-D: last line of file ends without a newline
  //}
..\Core\Src\app_uart.c: 4 warnings, 0 errors
compiling asr_uart3.c...
../Core/Inc/asr_uart3.h(19): warning:  #1-D: last line of file ends without a newline
  #endif /* __ASR_UART3_H__ */
../Core/Inc/sensor_data.h(96): warning:  #1-D: last line of file ends without a newline
  #endif /* __SENSOR_DATA_H__ */
..\Core\Src\asr_uart3.c(112): warning:  #1-D: last line of file ends without a newline
  }
..\Core\Src\asr_uart3.c: 3 warnings, 0 errors
compiling app_tasks.c...
../Core/Inc/app_tasks.h(12): warning:  #1-D: last line of file ends without a newline
  #endif
../Core/Inc/protocol.h(47): warning:  #1-D: last line of file ends without a newline
  #endif /* __PROTOCOL_H__ */
../Core/Inc/app_uart.h(16): warning:  #1-D: last line of file ends without a newline
  #endif
../Core/Inc/app_hardware.h(9): warning:  #1-D: last line of file ends without a newline
  #endif
../Core/Inc/tjc_usart_hmi.h(49): warning:  #1-D: last line of file ends without a newline
  #endif
..\Core\Src\app_tasks.c(374): warning:  #1-D: last line of file ends without a newline
  }
..\Core\Src\app_tasks.c: 6 warnings, 0 errors
compiling radar.c...
linking...
Program Size: Code=32128 RO-data=772 RW-data=240 ZI-data=15312  
FromELF: creating hex file...
After Build - User command #1: fromelf.exe --bin -o "Edge_DMS_Cockpit\Edge_DMS_Cockpit.bin" "Edge_DMS_Cockpit\Edge_DMS_Cockpit.axf"
"Edge_DMS_Cockpit\Edge_DMS_Cockpit.axf" - 0 Error(s), 27 Warning(s).

<h2>Software Packages used:</h2>

Package Vendor: ARM
                http://www.keil.com/pack/ARM.CMSIS.5.8.0.pack
                ARM.CMSIS.5.8.0
                CMSIS (Common Microcontroller Software Interface Standard)
   * Component: CORE Version: 5.5.0

Package Vendor: Keil
                https://www.keil.com/pack/Keil.STM32F1xx_DFP.2.4.1.pack
                Keil.STM32F1xx_DFP.2.4.1
                STMicroelectronics STM32F1 Series Device Support, Drivers and Examples

<h2>Collection of Component include folders:</h2>
  .\RTE\_Edge_DMS_Cockpit
  D:\Keil5\ARM\ARM\CMSIS\5.8.0\CMSIS\Core\Include
  D:\Keil5\ARM\Keil\STM32F1xx_DFP\2.4.1\Device\Include

<h2>Collection of Component Files used:</h2>

   * Component: ARM::CMSIS:CORE:5.5.0
      Include file:  CMSIS\Core\Include\tz_context.h
Build Time Elapsed:  00:00:10
</pre>
</body>
</html>
